Archive member included to satisfy reference by file (symbol)

/usr/local/Cellar/gcc-arm-none-eabi/20171218/bin/../lib/gcc/arm-none-eabi/7.2.1/thumb/v7e-m/libgcc.a(_aeabi_ldivmod.o)
                              .build/obj/main.o (__aeabi_ldivmod)
/usr/local/Cellar/gcc-arm-none-eabi/20171218/bin/../lib/gcc/arm-none-eabi/7.2.1/thumb/v7e-m/libgcc.a(_aeabi_uldivmod.o)
                              .build/obj/main.o (__aeabi_uldivmod)
/usr/local/Cellar/gcc-arm-none-eabi/20171218/bin/../lib/gcc/arm-none-eabi/7.2.1/thumb/v7e-m/libgcc.a(_udivmoddi4.o)
                              /usr/local/Cellar/gcc-arm-none-eabi/20171218/bin/../lib/gcc/arm-none-eabi/7.2.1/thumb/v7e-m/libgcc.a(_aeabi_ldivmod.o) (__udivmoddi4)
/usr/local/Cellar/gcc-arm-none-eabi/20171218/bin/../lib/gcc/arm-none-eabi/7.2.1/thumb/v7e-m/libgcc.a(_dvmd_tls.o)
                              /usr/local/Cellar/gcc-arm-none-eabi/20171218/bin/../lib/gcc/arm-none-eabi/7.2.1/thumb/v7e-m/libgcc.a(_aeabi_ldivmod.o) (__aeabi_ldiv0)
/usr/local/Cellar/gcc-arm-none-eabi/20171218/bin/../lib/gcc/arm-none-eabi/7.2.1/../../../../arm-none-eabi/lib/thumb/v7e-m/libg.a(lib_a-memcpy.o)
                              .build/obj/hal_buffers.o (memcpy)
/usr/local/Cellar/gcc-arm-none-eabi/20171218/bin/../lib/gcc/arm-none-eabi/7.2.1/../../../../arm-none-eabi/lib/thumb/v7e-m/libg.a(lib_a-memset.o)
                              .build/obj/chfactory.o (memset)
/usr/local/Cellar/gcc-arm-none-eabi/20171218/bin/../lib/gcc/arm-none-eabi/7.2.1/../../../../arm-none-eabi/lib/thumb/v7e-m/libg.a(lib_a-reent.o)
                              .build/obj/syscalls_cpp.o (errno)
/usr/local/Cellar/gcc-arm-none-eabi/20171218/bin/../lib/gcc/arm-none-eabi/7.2.1/../../../../arm-none-eabi/lib/thumb/v7e-m/libg.a(lib_a-strchr.o)
                              .build/obj/shell.o (strchr)
/usr/local/Cellar/gcc-arm-none-eabi/20171218/bin/../lib/gcc/arm-none-eabi/7.2.1/../../../../arm-none-eabi/lib/thumb/v7e-m/libg.a(lib_a-strcmp.o)
                              .build/obj/chregistry.o (strcmp)
/usr/local/Cellar/gcc-arm-none-eabi/20171218/bin/../lib/gcc/arm-none-eabi/7.2.1/../../../../arm-none-eabi/lib/thumb/v7e-m/libg.a(lib_a-strncmp.o)
                              .build/obj/chfactory.o (strncmp)
/usr/local/Cellar/gcc-arm-none-eabi/20171218/bin/../lib/gcc/arm-none-eabi/7.2.1/../../../../arm-none-eabi/lib/thumb/v7e-m/libg.a(lib_a-strncpy.o)
                              .build/obj/chfactory.o (strncpy)
/usr/local/Cellar/gcc-arm-none-eabi/20171218/bin/../lib/gcc/arm-none-eabi/7.2.1/../../../../arm-none-eabi/lib/thumb/v7e-m/libg.a(lib_a-strpbrk.o)
                              .build/obj/shell.o (strpbrk)
/usr/local/Cellar/gcc-arm-none-eabi/20171218/bin/../lib/gcc/arm-none-eabi/7.2.1/../../../../arm-none-eabi/lib/thumb/v7e-m/libg.a(lib_a-strspn.o)
                              .build/obj/shell.o (strspn)
/usr/local/Cellar/gcc-arm-none-eabi/20171218/bin/../lib/gcc/arm-none-eabi/7.2.1/../../../../arm-none-eabi/lib/thumb/v7e-m/libg.a(lib_a-freer.o)
                              /usr/local/Cellar/gcc-arm-none-eabi/20171218/bin/../lib/gcc/arm-none-eabi/7.2.1/../../../../arm-none-eabi/lib/thumb/v7e-m/libg.a(lib_a-reent.o) (_free_r)
/usr/local/Cellar/gcc-arm-none-eabi/20171218/bin/../lib/gcc/arm-none-eabi/7.2.1/../../../../arm-none-eabi/lib/thumb/v7e-m/libg.a(lib_a-impure.o)
                              /usr/local/Cellar/gcc-arm-none-eabi/20171218/bin/../lib/gcc/arm-none-eabi/7.2.1/../../../../arm-none-eabi/lib/thumb/v7e-m/libg.a(lib_a-reent.o) (_impure_ptr)
/usr/local/Cellar/gcc-arm-none-eabi/20171218/bin/../lib/gcc/arm-none-eabi/7.2.1/../../../../arm-none-eabi/lib/thumb/v7e-m/libg.a(lib_a-mallocr.o)
                              /usr/local/Cellar/gcc-arm-none-eabi/20171218/bin/../lib/gcc/arm-none-eabi/7.2.1/../../../../arm-none-eabi/lib/thumb/v7e-m/libg.a(lib_a-freer.o) (__malloc_current_mallinfo)
/usr/local/Cellar/gcc-arm-none-eabi/20171218/bin/../lib/gcc/arm-none-eabi/7.2.1/../../../../arm-none-eabi/lib/thumb/v7e-m/libg.a(lib_a-mlock.o)
                              /usr/local/Cellar/gcc-arm-none-eabi/20171218/bin/../lib/gcc/arm-none-eabi/7.2.1/../../../../arm-none-eabi/lib/thumb/v7e-m/libg.a(lib_a-freer.o) (__malloc_lock)
/usr/local/Cellar/gcc-arm-none-eabi/20171218/bin/../lib/gcc/arm-none-eabi/7.2.1/../../../../arm-none-eabi/lib/thumb/v7e-m/libg.a(lib_a-sbrkr.o)
                              /usr/local/Cellar/gcc-arm-none-eabi/20171218/bin/../lib/gcc/arm-none-eabi/7.2.1/../../../../arm-none-eabi/lib/thumb/v7e-m/libg.a(lib_a-freer.o) (_sbrk_r)
/usr/local/Cellar/gcc-arm-none-eabi/20171218/bin/../lib/gcc/arm-none-eabi/7.2.1/../../../../arm-none-eabi/lib/thumb/v7e-m/libg.a(lib_a-lock.o)
                              /usr/local/Cellar/gcc-arm-none-eabi/20171218/bin/../lib/gcc/arm-none-eabi/7.2.1/../../../../arm-none-eabi/lib/thumb/v7e-m/libg.a(lib_a-mlock.o) (__retarget_lock_acquire_recursive)

Allocating common symbols
Common symbol       size              file

__lock___atexit_recursive_mutex
[...]
Memory Configuration

Name             Origin             Length             Attributes
flash0           0x0000000008000000 0x0000000000100000
flash1           0x0000000000000000 0x0000000000000000
flash2           0x0000000000000000 0x0000000000000000
flash3           0x0000000000000000 0x0000000000000000
flash4           0x0000000000000000 0x0000000000000000
flash5           0x0000000000000000 0x0000000000000000
flash6           0x0000000000000000 0x0000000000000000
flash7           0x0000000000000000 0x0000000000000000
ram0             0x0000000020000000 0x0000000000020000
ram1             0x0000000020000000 0x000000000001c000
ram2             0x000000002001c000 0x0000000000004000
ram3             0x0000000000000000 0x0000000000000000
ram4             0x0000000010000000 0x0000000000010000
ram5             0x0000000040024000 0x0000000000001000
ram6             0x0000000000000000 0x0000000000000000
ram7             0x0000000000000000 0x0000000000000000
*default*        0x0000000000000000 0xffffffffffffffff

Linker script and memory map

LOAD .build/obj/crt0_v7m.o
LOAD .build/obj/vectors.o
LOAD .build/obj/chcoreasm_v7m.o
LOAD .build/obj/crt1.o
LOAD .build/obj/hal.o
LOAD .build/obj/hal_st.o
LOAD .build/obj/hal_buffers.o
LOAD .build/obj/hal_queues.o
LOAD .build/obj/hal_mmcsd.o
LOAD .build/obj/hal_pal.o
LOAD .build/obj/hal_pwm.o
LOAD .build/obj/hal_serial.o
LOAD .build/obj/nvic.o
LOAD .build/obj/stm32_isr.o
LOAD .build/obj/hal_lld.o
LOAD .build/obj/stm32_dma.o
LOAD .build/obj/hal_pal_lld.o
LOAD .build/obj/hal_st_lld.o
LOAD .build/obj/hal_pwm_lld.o
LOAD .build/obj/hal_serial_lld.o
LOAD .build/obj/board.o
LOAD .build/obj/osal.o
LOAD .build/obj/chsys.o
LOAD .build/obj/chdebug.o
LOAD .build/obj/chtrace.o
LOAD .build/obj/chvt.o
LOAD .build/obj/chschd.o
LOAD .build/obj/chthreads.o
LOAD .build/obj/chtm.o
LOAD .build/obj/chregistry.o
LOAD .build/obj/chsem.o
LOAD .build/obj/chmtx.o
LOAD .build/obj/chcond.o
LOAD .build/obj/chevents.o
LOAD .build/obj/chmsg.o
LOAD .build/obj/chdynamic.o
LOAD .build/obj/chmboxes.o
LOAD .build/obj/chmemcore.o
LOAD .build/obj/chheap.o
LOAD .build/obj/chmempools.o
LOAD .build/obj/chfactory.o
LOAD .build/obj/chcore.o
LOAD .build/obj/chcore_v7m.o
LOAD .build/obj/chprintf.o
LOAD .build/obj/memstreams.o
LOAD .build/obj/nullstreams.o
LOAD .build/obj/shell.o
LOAD .build/obj/shell_cmd.o
LOAD .build/obj/ch.o
LOAD .build/obj/syscalls_cpp.o
LOAD .build/obj/port_to_string.o
LOAD .build/obj/button_monitor.o
LOAD .build/obj/serial_shell.o
LOAD .build/obj/serial_shell_commands.o
LOAD .build/obj/main.o

.mstack         0x0000000020000000      0x400
                0x0000000020000000                . = ALIGN (0x8)
                0x0000000020000000                __main_stack_base__ = .
                0x0000000020000400                . = (. + __main_stack_size__)
 *fill*         0x0000000020000000      0x400 
                0x0000000020000400                . = ALIGN (0x8)
                0x0000000020000400                __main_stack_end__ = .

.pstack         0x0000000020000400      0x400
                0x0000000020000400                __process_stack_base__ = .
                0x0000000020000400                __main_thread_stack_base__ = .
                0x0000000020000800                . = (. + __process_stack_size__)
 *fill*         0x0000000020000400      0x400 
                0x0000000020000800                . = ALIGN (0x8)
                0x0000000020000800                __process_stack_end__ = .
                0x0000000020000800                __main_thread_stack_end__ = .

.vectors        0x0000000008000000      0x1e0
 *(.vectors)
 .vectors       0x0000000008000000      0x1e0 .build/obj/vectors.o
                0x0000000008000000                _vectors

.xtors          0x00000000080001e0        0x4
                0x00000000080001e0                __init_array_start = .
 *(SORT_BY_NAME(.init_array.*))
 *(.init_array)
 .init_array    0x00000000080001e0        0x4 .build/obj/main.o
                0x00000000080001e4                __init_array_end = .
                0x00000000080001e4                __fini_array_start = .
 *(.fini_array)
 *(SORT_BY_NAME(.fini_array.*))
                0x00000000080001e4                __fini_array_end = .

.text           0x00000000080001f0     0x305c
 *(.text)
 .text          0x00000000080001f0       0xd8 .build/obj/crt0_v7m.o
                0x00000000080001f0                _crt0_entry
 .text          0x00000000080002c8        0x8 .build/obj/vectors.o
                0x00000000080002c8                Reset_Handler
                0x00000000080002ca                VectorE8
                0x00000000080002ca                Vector9C
                0x00000000080002ca                VectorAC
                0x00000000080002ca                DebugMon_Handler
                0x00000000080002ca                Vector1A0
                0x00000000080002ca                Vector5C
                0x00000000080002ca                Vector11C
                0x00000000080002ca                HardFault_Handler
                0x00000000080002ca                Vector1B8
                0x00000000080002ca                Vector19C
                0x00000000080002ca                Vector8C
                0x00000000080002ca                SysTick_Handler
                0x00000000080002ca                VectorDC
                0x00000000080002ca                PendSV_Handler
                0x00000000080002ca                Vector168
                0x00000000080002ca                NMI_Handler
                0x00000000080002ca                Vector110
                0x00000000080002ca                Vector120
                0x00000000080002ca                Vector1D8
                0x00000000080002ca                VectorC8
                0x00000000080002ca                Vector94
                0x00000000080002ca                VectorA8
                0x00000000080002ca                VectorB4
                0x00000000080002ca                Vector74
                0x00000000080002ca                Vector160
                0x00000000080002ca                Vector1B0
                0x00000000080002ca                UsageFault_Handler
                0x00000000080002ca                VectorEC
                0x00000000080002ca                Vector40
                0x00000000080002ca                VectorF8
                0x00000000080002ca                Vector108
                0x00000000080002ca                VectorBC
                0x00000000080002ca                Vector190
                0x00000000080002ca                Vector150
                0x00000000080002ca                Vector124
                0x00000000080002ca                Vector1C4
                0x00000000080002ca                Vector1CC
                0x00000000080002ca                Vector148
                0x00000000080002ca                Vector188
                0x00000000080002ca                Vector198
                0x00000000080002ca                Vector118
                0x00000000080002ca                Vector64
                0x00000000080002ca                VectorCC
                0x00000000080002ca                Vector54
                0x00000000080002ca                Vector98
                0x00000000080002ca                VectorD8
                0x00000000080002ca                Vector138
                0x00000000080002ca                Vector24
                0x00000000080002ca                Vector1AC
                0x00000000080002ca                Vector178
                0x00000000080002ca                Vector84
                0x00000000080002ca                Vector1A4
                0x00000000080002ca                VectorD0
                0x00000000080002ca                Vector1B4
                0x00000000080002ca                Vector140
                0x00000000080002ca                VectorE4
                0x00000000080002ca                VectorC0
                0x00000000080002ca                Vector158
                0x00000000080002ca                Vector130
                0x00000000080002ca                Vector1C0
                0x00000000080002ca                Vector134
                0x00000000080002ca                Vector1D0
                0x00000000080002ca                VectorF0
                0x00000000080002ca                Vector12C
                0x00000000080002ca                Vector13C
                0x00000000080002ca                Vector100
                0x00000000080002ca                VectorE0
                0x00000000080002ca                VectorF4
                0x00000000080002ca                MemManage_Handler
                0x00000000080002ca                Vector6C
                0x00000000080002ca                VectorA0
                0x00000000080002ca                VectorC4
                0x00000000080002ca                Vector7C
                0x00000000080002ca                Vector180
                0x00000000080002ca                Vector90
                0x00000000080002ca                Vector114
                0x00000000080002ca                Vector164
                0x00000000080002ca                Vector60
                0x00000000080002ca                Vector1C
                0x00000000080002ca                Vector1BC
                0x00000000080002ca                Vector1D4
                0x00000000080002ca                Vector17C
                0x00000000080002ca                Vector48
                0x00000000080002ca                Vector1A8
                0x00000000080002ca                Vector16C
                0x00000000080002ca                Vector70
                0x00000000080002ca                Vector4C
                0x00000000080002ca                Vector144
                0x00000000080002ca                Vector80
                0x00000000080002ca                Vector15C
                0x00000000080002ca                Vector68
                0x00000000080002ca                Vector78
                0x00000000080002ca                Vector174
                0x00000000080002ca                Vector58
                0x00000000080002ca                Vector170
                0x00000000080002ca                Vector88
                0x00000000080002ca                Vector104
                0x00000000080002ca                Vector184
                0x00000000080002ca                Vector10C
                0x00000000080002ca                Vector14C
                0x00000000080002ca                BusFault_Handler
                0x00000000080002ca                Vector50
                0x00000000080002ca                Vector1C8
                0x00000000080002ca                Vector194
                0x00000000080002ca                Vector1DC
                0x00000000080002ca                Vector154
                0x00000000080002ca                Vector44
                0x00000000080002ca                Vector28
                0x00000000080002ca                VectorFC
                0x00000000080002ca                Vector34
                0x00000000080002ca                Vector128
                0x00000000080002ca                VectorA4
                0x00000000080002ca                Vector20
                0x00000000080002ca                Vector18C
                0x00000000080002ce                _unhandled_exception
 .text          0x00000000080002d0       0x28 .build/obj/chcoreasm_v7m.o
                0x00000000080002d0                _port_switch
                0x00000000080002e0                _port_thread_start
                0x00000000080002f0                _port_switch_from_isr
                0x00000000080002f4                _port_exit_from_isr
 .text          0x00000000080002f8       0x30 /usr/local/Cellar/gcc-arm-none-eabi/20171218/bin/../lib/gcc/arm-none-eabi/7.2.1/thumb/v7e-m/libgcc.a(_aeabi_uldivmod.o)
                0x00000000080002f8                __aeabi_uldivmod
 .text          0x0000000008000328      0x2cc /usr/local/Cellar/gcc-arm-none-eabi/20171218/bin/../lib/gcc/arm-none-eabi/7.2.1/thumb/v7e-m/libgcc.a(_udivmoddi4.o)
                0x0000000008000328                __udivmoddi4
 .text          0x00000000080005f4        0x4 /usr/local/Cellar/gcc-arm-none-eabi/20171218/bin/../lib/gcc/arm-none-eabi/7.2.1/thumb/v7e-m/libgcc.a(_dvmd_tls.o)
                0x00000000080005f4                __aeabi_ldiv0
                0x00000000080005f4                __aeabi_idiv0
 .text          0x00000000080005f8      0x134 /usr/local/Cellar/gcc-arm-none-eabi/20171218/bin/../lib/gcc/arm-none-eabi/7.2.1/../../../../arm-none-eabi/lib/thumb/v7e-m/libg.a(lib_a-memcpy.o)
                0x00000000080005f8                memcpy
 *fill*         0x000000000800072c       0x14 
 .text          0x0000000008000740      0x2dc /usr/local/Cellar/gcc-arm-none-eabi/20171218/bin/../lib/gcc/arm-none-eabi/7.2.1/../../../../arm-none-eabi/lib/thumb/v7e-m/libg.a(lib_a-strcmp.o)
                0x0000000008000748                strcmp
 *(.text.*)
 *fill*         0x0000000008000a1c        0x4 
 .text.__core_init
                0x0000000008000a20        0x4 .build/obj/crt1.o
                0x0000000008000a20                __core_init
 *fill*         0x0000000008000a24        0xc 
 .text.__late_init
                0x0000000008000a30        0x4 .build/obj/crt1.o
                0x0000000008000a30                __late_init
 *fill*         0x0000000008000a34        0xc 
 .text.__default_exit
                0x0000000008000a40        0x4 .build/obj/crt1.o
                0x0000000008000a40                __default_exit
 *fill*         0x0000000008000a44        0xc 
 .text.__init_ram_areas
                0x0000000008000a50       0x68 .build/obj/crt1.o
                0x0000000008000a50                __init_ram_areas
 *fill*         0x0000000008000ab8        0x8 
 .text.halInit  0x0000000008000ac0       0x20 .build/obj/hal.o
                0x0000000008000ac0                halInit
 .text.stInit   0x0000000008000ae0        0x4 .build/obj/hal_st.o
                0x0000000008000ae0                stInit
 *fill*         0x0000000008000ae4        0xc 
 .text.stStartAlarm
                0x0000000008000af0       0x10 .build/obj/hal_st.o
                0x0000000008000af0                stStartAlarm
 .text.stStopAlarm
                0x0000000008000b00        0xc .build/obj/hal_st.o
                0x0000000008000b00                stStopAlarm
 *fill*         0x0000000008000b0c        0x4 
 .text.stSetAlarm
                0x0000000008000b10        0x8 .build/obj/hal_st.o
                0x0000000008000b10                stSetAlarm
 *fill*         0x0000000008000b18        0x8 
 .text.iq_read  0x0000000008000b20       0x70 .build/obj/hal_queues.o
 .text.oq_write
                0x0000000008000b90       0x60 .build/obj/hal_queues.o
 .text.iqObjectInit
                0x0000000008000bf0       0x20 .build/obj/hal_queues.o
                0x0000000008000bf0                iqObjectInit
 .text.iqPutI   0x0000000008000c10       0x38 .build/obj/hal_queues.o
                0x0000000008000c10                iqPutI
 *fill*         0x0000000008000c48        0x8 
 .text.iqGetTimeout
                0x0000000008000c50       0x54 .build/obj/hal_queues.o
                0x0000000008000c50                iqGetTimeout
 *fill*         0x0000000008000ca4        0xc 
 .text.iqReadTimeout
                0x0000000008000cb0       0x6c .build/obj/hal_queues.o
                0x0000000008000cb0                iqReadTimeout
 *fill*         0x0000000008000d1c        0x4 
 .text.oqObjectInit
                0x0000000008000d20       0x1c .build/obj/hal_queues.o
                0x0000000008000d20                oqObjectInit
 *fill*         0x0000000008000d3c        0x4 
 .text.oqPutTimeout
                0x0000000008000d40       0x50 .build/obj/hal_queues.o
                0x0000000008000d40                oqPutTimeout
 .text.oqGetI   0x0000000008000d90       0x38 .build/obj/hal_queues.o
                0x0000000008000d90                oqGetI
 *fill*         0x0000000008000dc8        0x8 
 .text.oqWriteTimeout
                0x0000000008000dd0       0x6c .build/obj/hal_queues.o
                0x0000000008000dd0                oqWriteTimeout
 *fill*         0x0000000008000e3c        0x4 
 .text.pwmInit  0x0000000008000e40        0x4 .build/obj/hal_pwm.o
                0x0000000008000e40                pwmInit
 *fill*         0x0000000008000e44        0xc 
 .text.pwmObjectInit
                0x0000000008000e50       0x10 .build/obj/hal_pwm.o
                0x0000000008000e50                pwmObjectInit
 .text._readt   0x0000000008000e60        0x8 .build/obj/hal_serial.o
 *fill*         0x0000000008000e68        0x8 
 .text._read    0x0000000008000e70        0xc .build/obj/hal_serial.o
 *fill*         0x0000000008000e7c        0x4 
 .text._writet  0x0000000008000e80        0x8 .build/obj/hal_serial.o
 *fill*         0x0000000008000e88        0x8 
 .text._write   0x0000000008000e90        0xc .build/obj/hal_serial.o
 *fill*         0x0000000008000e9c        0x4 
 .text._gett    0x0000000008000ea0        0x8 .build/obj/hal_serial.o
 *fill*         0x0000000008000ea8        0x8 
 .text._get     0x0000000008000eb0        0xc .build/obj/hal_serial.o
 *fill*         0x0000000008000ebc        0x4 
 .text._putt    0x0000000008000ec0        0x8 .build/obj/hal_serial.o
 *fill*         0x0000000008000ec8        0x8 
 .text._put     0x0000000008000ed0        0xc .build/obj/hal_serial.o
 *fill*         0x0000000008000edc        0x4 
 .text._ctl     0x0000000008000ee0        0x4 .build/obj/hal_serial.o
 *fill*         0x0000000008000ee4        0xc 
 .text.sdInit   0x0000000008000ef0        0x4 .build/obj/hal_serial.o
                0x0000000008000ef0                sdInit
 *fill*         0x0000000008000ef4        0xc 
 .text.sdObjectInit
                0x0000000008000f00       0x40 .build/obj/hal_serial.o
                0x0000000008000f00                sdObjectInit
 .text.sdStart  0x0000000008000f40       0x1c .build/obj/hal_serial.o
                0x0000000008000f40                sdStart
 *fill*         0x0000000008000f5c        0x4 
 .text.sdIncomingDataI
                0x0000000008000f60       0x40 .build/obj/hal_serial.o
                0x0000000008000f60                sdIncomingDataI
 .text.nvicEnableVector
                0x0000000008000fa0       0x34 .build/obj/nvic.o
                0x0000000008000fa0                nvicEnableVector
 *fill*         0x0000000008000fd4        0xc 
 .text.irqInit  0x0000000008000fe0       0x40 .build/obj/stm32_isr.o
                0x0000000008000fe0                irqInit
 .text.hal_lld_init
                0x0000000008001020       0x74 .build/obj/hal_lld.o
                0x0000000008001020                hal_lld_init
 *fill*         0x0000000008001094        0xc 
 .text.stm32_clock_init
                0x00000000080010a0       0xec .build/obj/hal_lld.o
                0x00000000080010a0                stm32_clock_init
 *fill*         0x000000000800118c        0x4 
 .text._pal_lld_init
                0x0000000008001190        0x4 .build/obj/hal_pal_lld.o
                0x0000000008001190                _pal_lld_init
 *fill*         0x0000000008001194        0xc 
 .text._pal_lld_setgroupmode
                0x00000000080011a0       0xd8 .build/obj/hal_pal_lld.o
                0x00000000080011a0                _pal_lld_setgroupmode
 *fill*         0x0000000008001278        0x8 
 .text.VectorB0
                0x0000000008001280       0x2c .build/obj/hal_st_lld.o
                0x0000000008001280                VectorB0
 *fill*         0x00000000080012ac        0x4 
 .text.st_lld_init
                0x00000000080012b0       0x50 .build/obj/hal_st_lld.o
                0x00000000080012b0                st_lld_init
 .text.pwm_lld_init
                0x0000000008001300       0x1c .build/obj/hal_pwm_lld.o
                0x0000000008001300                pwm_lld_init
 *fill*         0x000000000800131c        0x4 
 .text.pwm_lld_serve_interrupt
                0x0000000008001320       0x5c .build/obj/hal_pwm_lld.o
                0x0000000008001320                pwm_lld_serve_interrupt
 *fill*         0x000000000800137c        0x4 
 .text.VectorB8
                0x0000000008001380       0x14 .build/obj/hal_pwm_lld.o
                0x0000000008001380                VectorB8
 *fill*         0x0000000008001394        0xc 
 .text.notify1  0x00000000080013a0       0x10 .build/obj/hal_serial_lld.o
 .text.VectorD4
                0x00000000080013b0      0x12c .build/obj/hal_serial_lld.o
                0x00000000080013b0                VectorD4
 *fill*         0x00000000080014dc        0x4 
 .text.sd_lld_init
                0x00000000080014e0       0x20 .build/obj/hal_serial_lld.o
                0x00000000080014e0                sd_lld_init
 .text.sd_lld_start
                0x0000000008001500       0xa8 .build/obj/hal_serial_lld.o
                0x0000000008001500                sd_lld_start
 *fill*         0x00000000080015a8        0x8 
 .text.__early_init
                0x00000000080015b0      0x15c .build/obj/board.o
                0x00000000080015b0                __early_init
 *fill*         0x000000000800170c        0x4 
 .text.boardInit
                0x0000000008001710        0x4 .build/obj/board.o
                0x0000000008001710                boardInit
 *fill*         0x0000000008001714        0xc 
 .text._idle_thread
                0x0000000008001720        0x4 .build/obj/chsys.o
 *fill*         0x0000000008001724        0xc 
 .text.chSysInit
                0x0000000008001730       0x90 .build/obj/chsys.o
                0x0000000008001730                chSysInit
 .text.chSysTimerHandlerI
                0x00000000080017c0       0x94 .build/obj/chsys.o
                0x00000000080017c0                chSysTimerHandlerI
 *fill*         0x0000000008001854        0xc 
 .text._vt_init
                0x0000000008001860       0x1c .build/obj/chvt.o
                0x0000000008001860                _vt_init
 *fill*         0x000000000800187c        0x4 
 .text.chVTDoSetI
                0x0000000008001880       0x84 .build/obj/chvt.o
                0x0000000008001880                chVTDoSetI
 *fill*         0x0000000008001904        0xc 
 .text.chVTDoResetI
                0x0000000008001910       0x6c .build/obj/chvt.o
                0x0000000008001910                chVTDoResetI
 *fill*         0x000000000800197c        0x4 
 .text.wakeup   0x0000000008001980       0x70 .build/obj/chschd.o
 .text._scheduler_init
                0x00000000080019f0       0x14 .build/obj/chschd.o
                0x00000000080019f0                _scheduler_init
 *fill*         0x0000000008001a04        0xc 
 .text.chSchReadyI
                0x0000000008001a10       0x28 .build/obj/chschd.o
                0x0000000008001a10                chSchReadyI
 *fill*         0x0000000008001a38        0x8 
 .text.chSchGoSleepS
                0x0000000008001a40       0x28 .build/obj/chschd.o
                0x0000000008001a40                chSchGoSleepS
 *fill*         0x0000000008001a68        0x8 
 .text.chSchGoSleepTimeoutS
                0x0000000008001a70       0x44 .build/obj/chschd.o
                0x0000000008001a70                chSchGoSleepTimeoutS
 *fill*         0x0000000008001ab4        0xc 
 .text.chSchWakeupS
                0x0000000008001ac0       0x60 .build/obj/chschd.o
                0x0000000008001ac0                chSchWakeupS
 .text.chSchIsPreemptionRequired
                0x0000000008001b20       0x18 .build/obj/chschd.o
                0x0000000008001b20                chSchIsPreemptionRequired
 *fill*         0x0000000008001b38        0x8 
 .text.chSchDoRescheduleAhead
                0x0000000008001b40       0x3c .build/obj/chschd.o
                0x0000000008001b40                chSchDoRescheduleAhead
 *fill*         0x0000000008001b7c        0x4 
 .text.chSchRescheduleS
                0x0000000008001b80       0x18 .build/obj/chschd.o
                0x0000000008001b80                chSchRescheduleS
 *fill*         0x0000000008001b98        0x8 
 .text.chSchDoReschedule
                0x0000000008001ba0        0x4 .build/obj/chschd.o
                0x0000000008001ba0                chSchDoReschedule
 *fill*         0x0000000008001ba4        0xc 
 .text._thread_init
                0x0000000008001bb0       0x3c .build/obj/chthreads.o
                0x0000000008001bb0                _thread_init
 *fill*         0x0000000008001bec        0x4 
 .text.chThdCreateSuspendedI
                0x0000000008001bf0       0x74 .build/obj/chthreads.o
                0x0000000008001bf0                chThdCreateSuspendedI
 *fill*         0x0000000008001c64        0xc 
 .text.chThdCreate
                0x0000000008001c70       0x20 .build/obj/chthreads.o
                0x0000000008001c70                chThdCreate
 .text.chThdCreateStatic
                0x0000000008001c90       0x74 .build/obj/chthreads.o
                0x0000000008001c90                chThdCreateStatic
 *fill*         0x0000000008001d04        0xc 
 .text.chThdRelease
                0x0000000008001d10       0x54 .build/obj/chthreads.o
                0x0000000008001d10                chThdRelease
 *fill*         0x0000000008001d64        0xc 
 .text.chThdExitS
                0x0000000008001d70       0x48 .build/obj/chthreads.o
                0x0000000008001d70                chThdExitS
 *fill*         0x0000000008001db8        0x8 
 .text.chThdExit
                0x0000000008001dc0        0xc .build/obj/chthreads.o
                0x0000000008001dc0                chThdExit
 *fill*         0x0000000008001dcc        0x4 
 .text.chThdSleep
                0x0000000008001dd0       0x18 .build/obj/chthreads.o
                0x0000000008001dd0                chThdSleep
 *fill*         0x0000000008001de8        0x8 
 .text.chThdEnqueueTimeoutS
                0x0000000008001df0       0x28 .build/obj/chthreads.o
                0x0000000008001df0                chThdEnqueueTimeoutS
 *fill*         0x0000000008001e18        0x8 
 .text.chThdDequeueNextI
                0x0000000008001e20       0x1c .build/obj/chthreads.o
                0x0000000008001e20                chThdDequeueNextI
 *fill*         0x0000000008001e3c        0x4 
 .text.chTMStartMeasurementX
                0x0000000008001e40        0xc .build/obj/chtm.o
                0x0000000008001e40                chTMStartMeasurementX
 *fill*         0x0000000008001e4c        0x4 
 .text.chTMStopMeasurementX
                0x0000000008001e50       0x44 .build/obj/chtm.o
                0x0000000008001e50                chTMStopMeasurementX
 *fill*         0x0000000008001e94        0xc 
 .text._tm_init
                0x0000000008001ea0       0x38 .build/obj/chtm.o
                0x0000000008001ea0                _tm_init
 *fill*         0x0000000008001ed8        0x8 
 .text.chRegFirstThread
                0x0000000008001ee0       0x20 .build/obj/chregistry.o
                0x0000000008001ee0                chRegFirstThread
 .text.chRegNextThread
                0x0000000008001f00       0x30 .build/obj/chregistry.o
                0x0000000008001f00                chRegNextThread
 .text.chMtxObjectInit
                0x0000000008001f30        0xc .build/obj/chmtx.o
                0x0000000008001f30                chMtxObjectInit
 *fill*         0x0000000008001f3c        0x4 
 .text.chMtxLockS
                0x0000000008001f40       0xe4 .build/obj/chmtx.o
                0x0000000008001f40                chMtxLockS
 *fill*         0x0000000008002024        0xc 
 .text.chMtxLock
                0x0000000008002030       0x14 .build/obj/chmtx.o
                0x0000000008002030                chMtxLock
 *fill*         0x0000000008002044        0xc 
 .text.chMtxUnlock
                0x0000000008002050       0x64 .build/obj/chmtx.o
                0x0000000008002050                chMtxUnlock
 *fill*         0x00000000080020b4        0xc 
 .text.chEvtSignalI
                0x00000000080020c0       0x2c .build/obj/chevents.o
                0x00000000080020c0                chEvtSignalI
 *fill*         0x00000000080020ec        0x4 
 .text.chEvtBroadcastFlagsI
                0x00000000080020f0       0x2c .build/obj/chevents.o
                0x00000000080020f0                chEvtBroadcastFlagsI
 *fill*         0x000000000800211c        0x4 
 .text._core_init
                0x0000000008002120       0x18 .build/obj/chmemcore.o
                0x0000000008002120                _core_init
 *fill*         0x0000000008002138        0x8 
 .text.chCoreAllocAlignedWithOffsetI
                0x0000000008002140       0x34 .build/obj/chmemcore.o
                0x0000000008002140                chCoreAllocAlignedWithOffsetI
 *fill*         0x0000000008002174        0xc 
 .text.chCoreAllocAlignedWithOffset
                0x0000000008002180       0x44 .build/obj/chmemcore.o
                0x0000000008002180                chCoreAllocAlignedWithOffset
 *fill*         0x00000000080021c4        0xc 
 .text.chCoreGetStatusX
                0x00000000080021d0       0x10 .build/obj/chmemcore.o
                0x00000000080021d0                chCoreGetStatusX
 .text._heap_init
                0x00000000080021e0       0x1c .build/obj/chheap.o
                0x00000000080021e0                _heap_init
 *fill*         0x00000000080021fc        0x4 
 .text.chHeapFree
                0x0000000008002200       0x98 .build/obj/chheap.o
                0x0000000008002200                chHeapFree
 *fill*         0x0000000008002298        0x8 
 .text.chHeapStatus
                0x00000000080022a0       0x68 .build/obj/chheap.o
                0x00000000080022a0                chHeapStatus
 *fill*         0x0000000008002308        0x8 
 .text.chPoolObjectInitAligned
                0x0000000008002310       0x10 .build/obj/chmempools.o
                0x0000000008002310                chPoolObjectInitAligned
 .text.chPoolFree
                0x0000000008002320       0x14 .build/obj/chmempools.o
                0x0000000008002320                chPoolFree
 *fill*         0x0000000008002334        0xc 
 .text.chCoreAllocAlignedI
                0x0000000008002340        0x8 .build/obj/chfactory.o
 *fill*         0x0000000008002348        0x8 
 .text._factory_init
                0x0000000008002350       0x50 .build/obj/chfactory.o
                0x0000000008002350                _factory_init
 .text.SVC_Handler
                0x00000000080023a0       0x14 .build/obj/chcore_v7m.o
                0x00000000080023a0                SVC_Handler
 *fill*         0x00000000080023b4        0xc 
 .text._port_irq_epilogue
                0x00000000080023c0       0x50 .build/obj/chcore_v7m.o
                0x00000000080023c0                _port_irq_epilogue
 .text.chvprintf
                0x0000000008002410      0x3dc .build/obj/chprintf.o
                0x0000000008002410                chvprintf
 *fill*         0x00000000080027ec        0x4 
 .text.chprintf
                0x00000000080027f0       0x1c .build/obj/chprintf.o
                0x00000000080027f0                chprintf
 *fill*         0x000000000800280c        0x4 
 .text.parse_arguments
                0x0000000008002810       0x54 .build/obj/shell.o
 *fill*         0x0000000008002864        0xc 
 .text.shellInit
                0x0000000008002870        0xc .build/obj/shell.o
                0x0000000008002870                shellInit
 *fill*         0x000000000800287c        0x4 
 .text.shellGetLine
                0x0000000008002880       0x94 .build/obj/shell.o
                0x0000000008002880                shellGetLine
 *fill*         0x0000000008002914        0xc 
 .text.shellThread
                0x0000000008002920      0x184 .build/obj/shell.o
                0x0000000008002920                shellThread
 *fill*         0x0000000008002aa4        0xc 
 .text.cmd_systime
                0x0000000008002ab0       0x30 .build/obj/shell_cmd.o
 .text.cmd_echo
                0x0000000008002ae0       0x20 .build/obj/shell_cmd.o
 .text.cmd_info
                0x0000000008002b00       0xbc .build/obj/shell_cmd.o
 *fill*         0x0000000008002bbc        0x4 
 .text.cmd_threads
                0x0000000008002bc0       0x84 .build/obj/shell_cmd.o
 *fill*         0x0000000008002c44        0xc 
 .text.cmd_mem  0x0000000008002c50       0x6c .build/obj/shell_cmd.o
 *fill*         0x0000000008002cbc        0x4 
 .text._ZN10chibios_rt10_thd_startEPv
                0x0000000008002cc0        0x8 .build/obj/ch.o
                0x0000000008002cc0                chibios_rt::_thd_start(void*)
 *fill*         0x0000000008002cc8        0x8 
 .text._Z12portToStringP12stm32_gpio_tmPc
                0x0000000008002cd0       0xb0 .build/obj/port_to_string.o
                0x0000000008002cd0                portToString(stm32_gpio_t*, unsigned long, char*)
 .text._ZN10chibios_rt16BaseStaticThreadILi256EE5startEm
                0x0000000008002d80       0x20 .build/obj/button_monitor.o
                0x0000000008002d80                chibios_rt::BaseStaticThread<256>::start(unsigned long)
 .text.startup._ZN19ButtonMonitorThread4mainEv
                0x0000000008002da0       0xac .build/obj/button_monitor.o
                0x0000000008002da0                ButtonMonitorThread::main()
 *fill*         0x0000000008002e4c        0x4 
 .text._ZN19ButtonMonitorThreadC2EP12stm32_gpio_tm
                0x0000000008002e50       0x30 .build/obj/button_monitor.o
                0x0000000008002e50                ButtonMonitorThread::ButtonMonitorThread(stm32_gpio_t*, unsigned long)
                0x0000000008002e50                ButtonMonitorThread::ButtonMonitorThread(stm32_gpio_t*, unsigned long)
 .text._Z10shellStartv
                0x0000000008002e80       0x64 .build/obj/serial_shell.o
                0x0000000008002e80                shellStart()
 *fill*         0x0000000008002ee4        0xc 
 .text._ZL9cmd_helloP20BaseSequentialStreamiPPc
                0x0000000008002ef0       0x18 .build/obj/serial_shell_commands.o
 *fill*         0x0000000008002f08        0x8 
 .text.startup.main
                0x0000000008002f10      0x118 .build/obj/main.o
                0x0000000008002f10                main
 *fill*         0x0000000008003028        0x8 
 .text.startup._GLOBAL__sub_I_main
                0x0000000008003030       0x28 .build/obj/main.o
 .text.memset   0x0000000008003058       0x94 /usr/local/Cellar/gcc-arm-none-eabi/20171218/bin/../lib/gcc/arm-none-eabi/7.2.1/../../../../arm-none-eabi/lib/thumb/v7e-m/libg.a(lib_a-memset.o)
                0x0000000008003058                memset
 .text.strchr   0x00000000080030ec       0xe8 /usr/local/Cellar/gcc-arm-none-eabi/20171218/bin/../lib/gcc/arm-none-eabi/7.2.1/../../../../arm-none-eabi/lib/thumb/v7e-m/libg.a(lib_a-strchr.o)
                0x00000000080030ec                strchr
 .text.strpbrk  0x00000000080031d4       0x44 /usr/local/Cellar/gcc-arm-none-eabi/20171218/bin/../lib/gcc/arm-none-eabi/7.2.1/../../../../arm-none-eabi/lib/thumb/v7e-m/libg.a(lib_a-strpbrk.o)
                0x00000000080031d4                strpbrk
 .text.strspn   0x0000000008003218       0x34 /usr/local/Cellar/gcc-arm-none-eabi/20171218/bin/../lib/gcc/arm-none-eabi/7.2.1/../../../../arm-none-eabi/lib/thumb/v7e-m/libg.a(lib_a-strspn.o)
                0x0000000008003218                strspn
 *(.glue_7t)
 .glue_7t       0x000000000800324c        0x0 linker stubs
 *(.glue_7)
 .glue_7        0x000000000800324c        0x0 linker stubs
 *(.gcc*)

.vfp11_veneer   0x000000000800324c        0x0
 .vfp11_veneer  0x000000000800324c        0x0 linker stubs

.v4_bx          0x000000000800324c        0x0
 .v4_bx         0x000000000800324c        0x0 linker stubs

.iplt           0x000000000800324c        0x0
 .iplt          0x000000000800324c        0x0 .build/obj/crt0_v7m.o

.rodata         0x000000000800324c      0x58c
                0x000000000800324c                . = ALIGN (0x4)
                0x000000000800324c                __rodata_base__ = .
 *(.rodata)
 *(.rodata.*)
 .rodata.ram_areas
                0x000000000800324c       0x80 .build/obj/crt1.o
 .rodata.vmt    0x00000000080032cc       0x28 .build/obj/hal_serial.o
 .rodata.default_config
                0x00000000080032f4        0xc .build/obj/hal_serial_lld.o
 .rodata.idle_descriptor.6898
                0x0000000008003300       0x18 .build/obj/chsys.o
 .rodata.str1.4
                0x0000000008003318        0x5 .build/obj/chsys.o
 *fill*         0x000000000800331d        0x3 
 .rodata.chThdCreateStatic.str1.4
                0x0000000008003320        0x7 .build/obj/chthreads.o
 *fill*         0x0000000008003327        0x1 
 .rodata.ch_debug
                0x0000000008003328       0x16 .build/obj/chregistry.o
                0x0000000008003328                ch_debug
 *fill*         0x000000000800333e        0x2 
 .rodata.chvprintf.str1.4
                0x0000000008003340        0x7 .build/obj/chprintf.o
 *fill*         0x0000000008003347        0x1 
 .rodata.parse_arguments.str1.4
                0x0000000008003348        0x3 .build/obj/shell.o
 .rodata.shellGetLine.str1.4
                0x000000000800334b        0x3 .build/obj/shell.o
 *fill*         0x000000000800334b        0x1 
 .rodata.shellThread.str1.4
                0x000000000800334c       0x65 .build/obj/shell.o
 *fill*         0x00000000080033b1        0x3 
 .rodata.cmd_echo.str1.4
                0x00000000080033b4       0x15 .build/obj/shell_cmd.o
 *fill*         0x00000000080033c9        0x3 
 .rodata.cmd_info.str1.4
                0x00000000080033cc      0x199 .build/obj/shell_cmd.o
 *fill*         0x0000000008003565        0x3 
 .rodata.cmd_mem.str1.4
                0x0000000008003568       0x7a .build/obj/shell_cmd.o
 *fill*         0x00000000080035e2        0x2 
 .rodata.cmd_systime.str1.4
                0x00000000080035e4        0xe .build/obj/shell_cmd.o
                                         0x1a (size before relaxing)
 *fill*         0x00000000080035f2        0x2 
 .rodata.cmd_threads.str1.4
                0x00000000080035f4       0x6f .build/obj/shell_cmd.o
                                         0x73 (size before relaxing)
 *fill*         0x0000000008003663        0x1 
 .rodata.shell_local_commands
                0x0000000008003664       0x30 .build/obj/shell_cmd.o
                0x0000000008003664                shell_local_commands
 .rodata.states.8080
                0x0000000008003694       0x40 .build/obj/shell_cmd.o
 .rodata.str1.4
                0x00000000080036d4       0x91 .build/obj/shell_cmd.o
 *fill*         0x0000000008003765        0x3 
 .rodata._ZN19ButtonMonitorThread4mainEv.str1.4
                0x0000000008003768        0x9 .build/obj/button_monitor.o
 *fill*         0x0000000008003771        0x3 
 .rodata._ZTV19ButtonMonitorThread
                0x0000000008003774       0x10 .build/obj/button_monitor.o
                0x0000000008003774                vtable for ButtonMonitorThread
 .rodata._Z10shellStartv.str1.4
                0x0000000008003784        0x6 .build/obj/serial_shell.o
 *fill*         0x000000000800378a        0x2 
 .rodata._ZL11shellConfig
                0x000000000800378c        0x8 .build/obj/serial_shell.o
 .rodata._ZL9cmd_helloP20BaseSequentialStreamiPPc.str1.4
                0x0000000008003794       0x2c .build/obj/serial_shell_commands.o
 .rodata.shellCommands
                0x00000000080037c0       0x10 .build/obj/serial_shell_commands.o
                0x00000000080037c0                shellCommands
 .rodata.str1.4
                0x00000000080037d0        0x8 .build/obj/serial_shell_commands.o
                                          0x6 (size before relaxing)
                0x00000000080037d8                . = ALIGN (0x4)
                0x00000000080037d8                __rodata_end__ = .

.ARM.extab
 *(.ARM.extab* .gnu.linkonce.armextab.*)

.ARM.exidx      0x00000000080037d8        0x8
                0x00000000080037d8                __exidx_start = .
 *(.ARM.exidx* .gnu.linkonce.armexidx.*)
 .ARM.exidx     0x00000000080037d8        0x8 /usr/local/Cellar/gcc-arm-none-eabi/20171218/bin/../lib/gcc/arm-none-eabi/7.2.1/thumb/v7e-m/libgcc.a(_udivmoddi4.o)
                0x00000000080037e0                __exidx_end = .

.rel.dyn        0x00000000080037e0        0x0
 .rel.iplt      0x00000000080037e0        0x0 .build/obj/crt0_v7m.o

.eh_frame_hdr
 *(.eh_frame_hdr)

.eh_frame
 *(.eh_frame)
                0x0000000020000000                __ram0_start__ = ORIGIN (ram0)
                0x0000000000020000                __ram0_size__ = LENGTH (ram0)
                0x0000000020020000                __ram0_end__ = (__ram0_start__ + __ram0_size__)
                0x0000000020000000                __ram1_start__ = ORIGIN (ram1)
                0x000000000001c000                __ram1_size__ = LENGTH (ram1)
                0x000000002001c000                __ram1_end__ = (__ram1_start__ + __ram1_size__)
                0x000000002001c000                __ram2_start__ = ORIGIN (ram2)
                0x0000000000004000                __ram2_size__ = LENGTH (ram2)
                0x0000000020020000                __ram2_end__ = (__ram2_start__ + __ram2_size__)
                0x0000000000000000                __ram3_start__ = ORIGIN (ram3)
                0x0000000000000000                __ram3_size__ = LENGTH (ram3)
                0x0000000000000000                __ram3_end__ = (__ram3_start__ + __ram3_size__)
                0x0000000010000000                __ram4_start__ = ORIGIN (ram4)
                0x0000000000010000                __ram4_size__ = LENGTH (ram4)
                0x0000000010010000                __ram4_end__ = (__ram4_start__ + __ram4_size__)
                0x0000000040024000                __ram5_start__ = ORIGIN (ram5)
                0x0000000000001000                __ram5_size__ = LENGTH (ram5)
                0x0000000040025000                __ram5_end__ = (__ram5_start__ + __ram5_size__)
                0x0000000000000000                __ram6_start__ = ORIGIN (ram6)
                0x0000000000000000                __ram6_size__ = LENGTH (ram6)
                0x0000000000000000                __ram6_end__ = (__ram6_start__ + __ram6_size__)
                0x0000000000000000                __ram7_start__ = ORIGIN (ram7)
                0x0000000000000000                __ram7_size__ = LENGTH (ram7)
                0x0000000000000000                __ram7_end__ = (__ram7_start__ + __ram7_size__)

.data           0x0000000020000800        0xc load address 0x00000000080037e0
                0x0000000020000800                . = ALIGN (0x4)
                [!provide]                        PROVIDE (_textdata, LOADADDR (.data))
                [!provide]                        PROVIDE (_data, .)
                0x00000000080037e0                _textdata_start = LOADADDR (.data)
                0x0000000020000800                _data_start = .
 *(.data)
 *(.data.*)
 .data._ZL17shellSerialConfig
                0x0000000020000800        0xc .build/obj/serial_shell.o
 *(.ramtext)
                0x000000002000080c                . = ALIGN (0x4)
                [!provide]                        PROVIDE (_edata, .)
                0x000000002000080c                _data_end = .

.igot.plt       0x000000002000080c        0x0 load address 0x00000000080037ec
 .igot.plt      0x000000002000080c        0x0 .build/obj/crt0_v7m.o

.bss            0x0000000020000810      0xae0 load address 0x00000000080037ec
                0x0000000020000810                . = ALIGN (0x4)
                0x0000000020000810                _bss_start = .
 *(.bss)
 *(.bss.*)
 .bss.PWMD4     0x0000000020000810       0x1c .build/obj/hal_pwm_lld.o
                0x0000000020000810                PWMD4
 .bss.SD1       0x000000002000082c       0x7c .build/obj/hal_serial_lld.o
                0x000000002000082c                SD1
 .bss.ch_idle_thread_wa
                0x00000000200008a8       0xd8 .build/obj/chsys.o
                0x00000000200008a8                ch_idle_thread_wa
 .bss.ch        0x0000000020000980       0x78 .build/obj/chschd.o
                0x0000000020000980                ch
 .bss.ch_memcore
                0x00000000200009f8        0x8 .build/obj/chmemcore.o
                0x00000000200009f8                ch_memcore
 .bss.default_heap
                0x0000000020000a00       0x1c .build/obj/chheap.o
 .bss.ch_factory
                0x0000000020000a1c       0x44 .build/obj/chfactory.o
                0x0000000020000a1c                ch_factory
 .bss.shell_terminated
                0x0000000020000a60        0x4 .build/obj/shell.o
                0x0000000020000a60                shell_terminated
 *fill*         0x0000000020000a64        0x4 
 .bss._ZL7waShell
                0x0000000020000a68      0x4c8 .build/obj/serial_shell.o
 .bss._ZL8buttonK0
                0x0000000020000f30      0x1e0 .build/obj/main.o
 .bss._ZL8buttonK1
                0x0000000020001110      0x1e0 .build/obj/main.o
 *(COMMON)
                0x00000000200012f0                . = ALIGN (0x4)
                0x00000000200012f0                _bss_end = .
                [!provide]                        PROVIDE (end, .)

.ram0_init      0x00000000200012f0        0x0 load address 0x00000000080037ec
                0x00000000200012f0                . = ALIGN (0x4)
                0x00000000080037ec                __ram0_init_text__ = LOADADDR (.ram0_init)
                0x00000000200012f0                __ram0_init__ = .
 *(.ram0_init)
 *(.ram0_init.*)
                0x00000000200012f0                . = ALIGN (0x4)

.ram0           0x00000000200012f0        0x0 load address 0x00000000080037ec
                0x00000000200012f0                . = ALIGN (0x4)
                0x00000000200012f0                __ram0_clear__ = .
 *(.ram0_clear)
 *(.ram0_clear.*)
                0x00000000200012f0                . = ALIGN (0x4)
                0x00000000200012f0                __ram0_noinit__ = .
 *(.ram0)
 *(.ram0.*)
                0x00000000200012f0                . = ALIGN (0x4)
                0x00000000200012f0                __ram0_free__ = .

.ram1_init      0x0000000020000000        0x0 load address 0x00000000080037ec
                0x0000000020000000                . = ALIGN (0x4)
                0x00000000080037ec                __ram1_init_text__ = LOADADDR (.ram1_init)
                0x0000000020000000                __ram1_init__ = .
 *(.ram1_init)
 *(.ram1_init.*)
                0x0000000020000000                . = ALIGN (0x4)

.ram1           0x0000000020000000        0x0 load address 0x00000000080037ec
                0x0000000020000000                . = ALIGN (0x4)
                0x0000000020000000                __ram1_clear__ = .
 *(.ram1_clear)
 *(.ram1_clear.*)
                0x0000000020000000                . = ALIGN (0x4)
                0x0000000020000000                __ram1_noinit__ = .
 *(.ram1)
 *(.ram1.*)
                0x0000000020000000                . = ALIGN (0x4)
                0x0000000020000000                __ram1_free__ = .

.ram2_init      0x000000002001c000        0x0 load address 0x00000000080037ec
                0x000000002001c000                . = ALIGN (0x4)
                0x00000000080037ec                __ram2_init_text__ = LOADADDR (.ram2_init)
                0x000000002001c000                __ram2_init__ = .
 *(.ram2_init)
 *(.ram2_init.*)
                0x000000002001c000                . = ALIGN (0x4)

.ram2           0x000000002001c000        0x0 load address 0x00000000080037ec
                0x000000002001c000                . = ALIGN (0x4)
                0x000000002001c000                __ram2_clear__ = .
 *(.ram2_clear)
 *(.ram2_clear.*)
                0x000000002001c000                . = ALIGN (0x4)
                0x000000002001c000                __ram2_noinit__ = .
 *(.ram2)
 *(.ram2.*)
                0x000000002001c000                . = ALIGN (0x4)
                0x000000002001c000                __ram2_free__ = .

.ram3_init      0x0000000000000000        0x0 load address 0x00000000080037ec
                0x0000000000000000                . = ALIGN (0x4)
                0x00000000080037ec                __ram3_init_text__ = LOADADDR (.ram3_init)
                0x0000000000000000                __ram3_init__ = .
 *(.ram3_init)
 *(.ram3_init.*)
                0x0000000000000000                . = ALIGN (0x4)

.ram3           0x0000000000000000        0x0 load address 0x00000000080037ec
                0x0000000000000000                . = ALIGN (0x4)
                0x0000000000000000                __ram3_clear__ = .
 *(.ram3_clear)
 *(.ram3_clear.*)
                0x0000000000000000                . = ALIGN (0x4)
                0x0000000000000000                __ram3_noinit__ = .
 *(.ram3)
 *(.ram3.*)
                0x0000000000000000                . = ALIGN (0x4)
                0x0000000000000000                __ram3_free__ = .

.ram4_init      0x0000000010000000        0x0 load address 0x00000000080037ec
                0x0000000010000000                . = ALIGN (0x4)
                0x00000000080037ec                __ram4_init_text__ = LOADADDR (.ram4_init)
                0x0000000010000000                __ram4_init__ = .
 *(.ram4_init)
 *(.ram4_init.*)
                0x0000000010000000                . = ALIGN (0x4)

.ram4           0x0000000010000000        0x0 load address 0x00000000080037ec
                0x0000000010000000                . = ALIGN (0x4)
                0x0000000010000000                __ram4_clear__ = .
 *(.ram4_clear)
 *(.ram4_clear.*)
                0x0000000010000000                . = ALIGN (0x4)
                0x0000000010000000                __ram4_noinit__ = .
 *(.ram4)
 *(.ram4.*)
                0x0000000010000000                . = ALIGN (0x4)
                0x0000000010000000                __ram4_free__ = .

.ram5_init      0x0000000040024000        0x0 load address 0x00000000080037ec
                0x0000000040024000                . = ALIGN (0x4)
                0x00000000080037ec                __ram5_init_text__ = LOADADDR (.ram5_init)
                0x0000000040024000                __ram5_init__ = .
 *(.ram5_init)
 *(.ram5_init.*)
                0x0000000040024000                . = ALIGN (0x4)

.ram5           0x0000000040024000        0x0 load address 0x00000000080037ec
                0x0000000040024000                . = ALIGN (0x4)
                0x0000000040024000                __ram5_clear__ = .
 *(.ram5_clear)
 *(.ram5_clear.*)
                0x0000000040024000                . = ALIGN (0x4)
                0x0000000040024000                __ram5_noinit__ = .
 *(.ram5)
 *(.ram5.*)
                0x0000000040024000                . = ALIGN (0x4)
                0x0000000040024000                __ram5_free__ = .

.ram6_init      0x0000000000000000        0x0 load address 0x00000000080037ec
                0x0000000000000000                . = ALIGN (0x4)
                0x00000000080037ec                __ram6_init_text__ = LOADADDR (.ram6_init)
                0x0000000000000000                __ram6_init__ = .
 *(.ram6_init)
 *(.ram6_init.*)
                0x0000000000000000                . = ALIGN (0x4)

.ram6           0x0000000000000000        0x0 load address 0x00000000080037ec
                0x0000000000000000                . = ALIGN (0x4)
                0x0000000000000000                __ram6_clear__ = .
 *(.ram6_clear)
 *(.ram6_clear.*)
                0x0000000000000000                . = ALIGN (0x4)
                0x0000000000000000                __ram6_noinit__ = .
 *(.ram6)
 *(.ram6.*)
                0x0000000000000000                . = ALIGN (0x4)
                0x0000000000000000                __ram6_free__ = .

.ram7_init      0x0000000000000000        0x0 load address 0x00000000080037ec
                0x0000000000000000                . = ALIGN (0x4)
                0x00000000080037ec                __ram7_init_text__ = LOADADDR (.ram7_init)
                0x0000000000000000                __ram7_init__ = .
 *(.ram7_init)
 *(.ram7_init.*)
                0x0000000000000000                . = ALIGN (0x4)

.ram7           0x0000000000000000        0x0 load address 0x00000000080037ec
                0x0000000000000000                . = ALIGN (0x4)
                0x0000000000000000                __ram7_clear__ = .
 *(.ram7_clear)
 *(.ram7_clear.*)
                0x0000000000000000                . = ALIGN (0x4)
                0x0000000000000000                __ram7_noinit__ = .
 *(.ram7)
 *(.ram7.*)
                0x0000000000000000                . = ALIGN (0x4)
                0x0000000000000000                __ram7_free__ = .

.heap           0x00000000200012f0    0x1ed10
                0x00000000200012f0                . = ALIGN (0x8)
                0x00000000200012f0                __heap_base__ = .
                0x0000000020020000                . = (ORIGIN (HEAP_RAM) + LENGTH (HEAP_RAM))
 *fill*         0x00000000200012f0    0x1ed10 
                0x0000000020020000                __heap_end__ = .
                0x0000000000000400                __process_stack_size__ = 0x400
                0x0000000000000400                __main_stack_size__ = 0x400
LOAD /usr/local/Cellar/gcc-arm-none-eabi/20171218/bin/../lib/gcc/arm-none-eabi/7.2.1/../../../../arm-none-eabi/lib/thumb/v7e-m/libstdc++.a
LOAD /usr/local/Cellar/gcc-arm-none-eabi/20171218/bin/../lib/gcc/arm-none-eabi/7.2.1/../../../../arm-none-eabi/lib/thumb/v7e-m/libm.a
START GROUP
LOAD /usr/local/Cellar/gcc-arm-none-eabi/20171218/bin/../lib/gcc/arm-none-eabi/7.2.1/thumb/v7e-m/libgcc.a
LOAD /usr/local/Cellar/gcc-arm-none-eabi/20171218/bin/../lib/gcc/arm-none-eabi/7.2.1/../../../../arm-none-eabi/lib/thumb/v7e-m/libg.a
LOAD /usr/local/Cellar/gcc-arm-none-eabi/20171218/bin/../lib/gcc/arm-none-eabi/7.2.1/../../../../arm-none-eabi/lib/thumb/v7e-m/libc.a
END GROUP
OUTPUT(.build/ch.elf elf32-littlearm)

.ARM.attributes
                0x0000000000000000       0x2f
 .ARM.attributes
                0x0000000000000000       0x21 .build/obj/crt0_v7m.o
 .ARM.attributes
                0x0000000000000021       0x21 .build/obj/vectors.o
 .ARM.attributes
                0x0000000000000042       0x21 .build/obj/chcoreasm_v7m.o
 .ARM.attributes
                0x0000000000000063       0x33 .build/obj/crt1.o
 .ARM.attributes
                0x0000000000000096       0x33 .build/obj/hal.o
 .ARM.attributes
                0x00000000000000c9       0x33 .build/obj/hal_st.o
 .ARM.attributes
                0x00000000000000fc       0x33 .build/obj/hal_queues.o
 .ARM.attributes
                0x000000000000012f       0x33 .build/obj/hal_pwm.o
 .ARM.attributes
                0x0000000000000162       0x33 .build/obj/hal_serial.o
 .ARM.attributes
                0x0000000000000195       0x33 .build/obj/nvic.o
 .ARM.attributes
                0x00000000000001c8       0x33 .build/obj/stm32_isr.o
 .ARM.attributes
                0x00000000000001fb       0x33 .build/obj/hal_lld.o
 .ARM.attributes
                0x000000000000022e       0x33 .build/obj/hal_pal_lld.o
 .ARM.attributes
                0x0000000000000261       0x33 .build/obj/hal_st_lld.o
 .ARM.attributes
                0x0000000000000294       0x33 .build/obj/hal_pwm_lld.o
 .ARM.attributes
                0x00000000000002c7       0x33 .build/obj/hal_serial_lld.o
 .ARM.attributes
                0x00000000000002fa       0x33 .build/obj/board.o
 .ARM.attributes
                0x000000000000032d       0x33 .build/obj/chsys.o
 .ARM.attributes
                0x0000000000000360       0x33 .build/obj/chvt.o
 .ARM.attributes
                0x0000000000000393       0x33 .build/obj/chschd.o
 .ARM.attributes
                0x00000000000003c6       0x33 .build/obj/chthreads.o
 .ARM.attributes
                0x00000000000003f9       0x33 .build/obj/chtm.o
 .ARM.attributes
                0x000000000000042c       0x33 .build/obj/chregistry.o
 .ARM.attributes
                0x000000000000045f       0x33 .build/obj/chmtx.o
 .ARM.attributes
                0x0000000000000492       0x33 .build/obj/chevents.o
 .ARM.attributes
                0x00000000000004c5       0x33 .build/obj/chmemcore.o
 .ARM.attributes
                0x00000000000004f8       0x33 .build/obj/chheap.o
 .ARM.attributes
                0x000000000000052b       0x33 .build/obj/chmempools.o
 .ARM.attributes
                0x000000000000055e       0x33 .build/obj/chfactory.o
 .ARM.attributes
                0x0000000000000591       0x33 .build/obj/chcore_v7m.o
 .ARM.attributes
                0x00000000000005c4       0x33 .build/obj/chprintf.o
 .ARM.attributes
                0x00000000000005f7       0x33 .build/obj/shell.o
 .ARM.attributes
                0x000000000000062a       0x33 .build/obj/shell_cmd.o
 .ARM.attributes
                0x000000000000065d       0x33 .build/obj/ch.o
 .ARM.attributes
                0x0000000000000690       0x33 .build/obj/port_to_string.o
 .ARM.attributes
                0x00000000000006c3       0x33 .build/obj/button_monitor.o
 .ARM.attributes
                0x00000000000006f6       0x33 .build/obj/serial_shell.o
 .ARM.attributes
                0x0000000000000729       0x33 .build/obj/serial_shell_commands.o
 .ARM.attributes
                0x000000000000075c       0x33 .build/obj/main.o
 .ARM.attributes
                0x000000000000078f       0x1e /usr/local/Cellar/gcc-arm-none-eabi/20171218/bin/../lib/gcc/arm-none-eabi/7.2.1/thumb/v7e-m/libgcc.a(_aeabi_uldivmod.o)
 .ARM.attributes
                0x00000000000007ad       0x2e /usr/local/Cellar/gcc-arm-none-eabi/20171218/bin/../lib/gcc/arm-none-eabi/7.2.1/thumb/v7e-m/libgcc.a(_udivmoddi4.o)
 .ARM.attributes
                0x00000000000007db       0x1e /usr/local/Cellar/gcc-arm-none-eabi/20171218/bin/../lib/gcc/arm-none-eabi/7.2.1/thumb/v7e-m/libgcc.a(_dvmd_tls.o)
 .ARM.attributes
                0x00000000000007f9       0x1c /usr/local/Cellar/gcc-arm-none-eabi/20171218/bin/../lib/gcc/arm-none-eabi/7.2.1/../../../../arm-none-eabi/lib/thumb/v7e-m/libg.a(lib_a-memcpy.o)
 .ARM.attributes
                0x0000000000000815       0x2e /usr/local/Cellar/gcc-arm-none-eabi/20171218/bin/../lib/gcc/arm-none-eabi/7.2.1/../../../../arm-none-eabi/lib/thumb/v7e-m/libg.a(lib_a-memset.o)
 .ARM.attributes
                0x0000000000000843       0x2e /usr/local/Cellar/gcc-arm-none-eabi/20171218/bin/../lib/gcc/arm-none-eabi/7.2.1/../../../../arm-none-eabi/lib/thumb/v7e-m/libg.a(lib_a-strchr.o)
 .ARM.attributes
                0x0000000000000871       0x1c /usr/local/Cellar/gcc-arm-none-eabi/20171218/bin/../lib/gcc/arm-none-eabi/7.2.1/../../../../arm-none-eabi/lib/thumb/v7e-m/libg.a(lib_a-strcmp.o)
 .ARM.attributes
                0x000000000000088d       0x2e /usr/local/Cellar/gcc-arm-none-eabi/20171218/bin/../lib/gcc/arm-none-eabi/7.2.1/../../../../arm-none-eabi/lib/thumb/v7e-m/libg.a(lib_a-strpbrk.o)
 .ARM.attributes
                0x00000000000008bb       0x2e /usr/local/Cellar/gcc-arm-none-eabi/20171218/bin/../lib/gcc/arm-none-eabi/7.2.1/../../../../arm-none-eabi/lib/thumb/v7e-m/libg.a(lib_a-strspn.o)

.comment        0x0000000000000000       0x7e
 .comment       0x0000000000000000       0x7e .build/obj/crt1.o
                                         0x7f (size before relaxing)
 .comment       0x000000000000007e       0x7f .build/obj/hal.o
 .comment       0x000000000000007e       0x7f .build/obj/hal_st.o
 .comment       0x000000000000007e       0x7f .build/obj/hal_queues.o
 .comment       0x000000000000007e       0x7f .build/obj/hal_pwm.o
 .comment       0x000000000000007e       0x7f .build/obj/hal_serial.o
 .comment       0x000000000000007e       0x7f .build/obj/nvic.o
 .comment       0x000000000000007e       0x7f .build/obj/stm32_isr.o
 .comment       0x000000000000007e       0x7f .build/obj/hal_lld.o
 .comment       0x000000000000007e       0x7f .build/obj/hal_pal_lld.o
 .comment       0x000000000000007e       0x7f .build/obj/hal_st_lld.o
 .comment       0x000000000000007e       0x7f .build/obj/hal_pwm_lld.o
 .comment       0x000000000000007e       0x7f .build/obj/hal_serial_lld.o
 .comment       0x000000000000007e       0x7f .build/obj/board.o
 .comment       0x000000000000007e       0x7f .build/obj/chsys.o
 .comment       0x000000000000007e       0x7f .build/obj/chvt.o
 .comment       0x000000000000007e       0x7f .build/obj/chschd.o
 .comment       0x000000000000007e       0x7f .build/obj/chthreads.o
 .comment       0x000000000000007e       0x7f .build/obj/chtm.o
 .comment       0x000000000000007e       0x7f .build/obj/chregistry.o
 .comment       0x000000000000007e       0x7f .build/obj/chmtx.o
 .comment       0x000000000000007e       0x7f .build/obj/chevents.o
 .comment       0x000000000000007e       0x7f .build/obj/chmemcore.o
 .comment       0x000000000000007e       0x7f .build/obj/chheap.o
 .comment       0x000000000000007e       0x7f .build/obj/chmempools.o
 .comment       0x000000000000007e       0x7f .build/obj/chfactory.o
 .comment       0x000000000000007e       0x7f .build/obj/chcore_v7m.o
 .comment       0x000000000000007e       0x7f .build/obj/chprintf.o
 .comment       0x000000000000007e       0x7f .build/obj/shell.o
 .comment       0x000000000000007e       0x7f .build/obj/shell_cmd.o
 .comment       0x000000000000007e       0x7f .build/obj/ch.o
 .comment       0x000000000000007e       0x7f .build/obj/port_to_string.o
 .comment       0x000000000000007e       0x7f .build/obj/button_monitor.o
 .comment       0x000000000000007e       0x7f .build/obj/serial_shell.o
 .comment       0x000000000000007e       0x7f .build/obj/serial_shell_commands.o
 .comment       0x000000000000007e       0x7f .build/obj/main.o

.debug_line     0x0000000000000000     0xb901
 .debug_line    0x0000000000000000       0xbf .build/obj/crt0_v7m.o
 .debug_line    0x00000000000000bf       0x69 .build/obj/vectors.o
 .debug_line    0x0000000000000128       0x7b .build/obj/chcoreasm_v7m.o
 .debug_line    0x00000000000001a3      0x1ae .build/obj/crt1.o
 .debug_line    0x0000000000000351      0x4a1 .build/obj/hal.o
 .debug_line    0x00000000000007f2      0x4b0 .build/obj/hal_st.o
 .debug_line    0x0000000000000ca2      0x7e9 .build/obj/hal_queues.o
 .debug_line    0x000000000000148b      0x5f6 .build/obj/hal_pwm.o
 .debug_line    0x0000000000001a81      0x62b .build/obj/hal_serial.o
 .debug_line    0x00000000000020ac      0x482 .build/obj/nvic.o
 .debug_line    0x000000000000252e      0x48c .build/obj/stm32_isr.o
 .debug_line    0x00000000000029ba      0x4dd .build/obj/hal_lld.o
 .debug_line    0x0000000000002e97      0x484 .build/obj/hal_pal_lld.o
 .debug_line    0x000000000000331b      0x4cc .build/obj/hal_st_lld.o
 .debug_line    0x00000000000037e7      0x5ce .build/obj/hal_pwm_lld.o
 .debug_line    0x0000000000003db5      0x5b8 .build/obj/hal_serial_lld.o
 .debug_line    0x000000000000436d      0x4f2 .build/obj/board.o
 .debug_line    0x000000000000485f      0x5c2 .build/obj/chsys.o
 .debug_line    0x0000000000004e21      0x449 .build/obj/chvt.o
 .debug_line    0x000000000000526a      0x558 .build/obj/chschd.o
 .debug_line    0x00000000000057c2      0x8a9 .build/obj/chthreads.o
 .debug_line    0x000000000000606b      0x3b4 .build/obj/chtm.o
 .debug_line    0x000000000000641f      0x4ea .build/obj/chregistry.o
 .debug_line    0x0000000000006909      0x5d1 .build/obj/chmtx.o
 .debug_line    0x0000000000006eda      0x5ff .build/obj/chevents.o
 .debug_line    0x00000000000074d9      0x382 .build/obj/chmemcore.o
 .debug_line    0x000000000000785b      0x401 .build/obj/chheap.o
 .debug_line    0x0000000000007c5c      0x4ca .build/obj/chmempools.o
 .debug_line    0x0000000000008126      0x6cc .build/obj/chfactory.o
 .debug_line    0x00000000000087f2      0x352 .build/obj/chcore_v7m.o
 .debug_line    0x0000000000008b44      0x592 .build/obj/chprintf.o
 .debug_line    0x00000000000090d6      0x672 .build/obj/shell.o
 .debug_line    0x0000000000009748      0x586 .build/obj/shell_cmd.o
 .debug_line    0x0000000000009cce      0x327 .build/obj/ch.o
 .debug_line    0x0000000000009ff5      0x48a .build/obj/port_to_string.o
 .debug_line    0x000000000000a47f      0x545 .build/obj/button_monitor.o
 .debug_line    0x000000000000a9c4      0x4e4 .build/obj/serial_shell.o
 .debug_line    0x000000000000aea8      0x4e0 .build/obj/serial_shell_commands.o
 .debug_line    0x000000000000b388      0x579 .build/obj/main.o

.debug_info     0x0000000000000000    0x34777
 .debug_info    0x0000000000000000       0x26 .build/obj/crt0_v7m.o
 .debug_info    0x0000000000000026       0x26 .build/obj/vectors.o
 .debug_info    0x000000000000004c       0x26 .build/obj/chcoreasm_v7m.o
 .debug_info    0x0000000000000072      0x36a .build/obj/crt1.o
 .debug_info    0x00000000000003dc     0x125c .build/obj/hal.o
 .debug_info    0x0000000000001638     0x1339 .build/obj/hal_st.o
 .debug_info    0x0000000000002971     0x2a05 .build/obj/hal_queues.o
 .debug_info    0x0000000000005376     0x1c4c .build/obj/hal_pwm.o
 .debug_info    0x0000000000006fc2     0x1e27 .build/obj/hal_serial.o
 .debug_info    0x0000000000008de9     0x154d .build/obj/nvic.o
 .debug_info    0x000000000000a336     0x154d .build/obj/stm32_isr.o
 .debug_info    0x000000000000b883     0x1656 .build/obj/hal_lld.o
 .debug_info    0x000000000000ced9     0x13a0 .build/obj/hal_pal_lld.o
 .debug_info    0x000000000000e279     0x1577 .build/obj/hal_st_lld.o
 .debug_info    0x000000000000f7f0     0x1687 .build/obj/hal_pwm_lld.o
 .debug_info    0x0000000000010e77     0x1b88 .build/obj/hal_serial_lld.o
 .debug_info    0x00000000000129ff     0x180c .build/obj/board.o
 .debug_info    0x000000000001420b     0x1be1 .build/obj/chsys.o
 .debug_info    0x0000000000015dec      0xdef .build/obj/chvt.o
 .debug_info    0x0000000000016bdb     0x115b .build/obj/chschd.o
 .debug_info    0x0000000000017d36     0x2373 .build/obj/chthreads.o
 .debug_info    0x000000000001a0a9      0xd10 .build/obj/chtm.o
 .debug_info    0x000000000001adb9     0x194c .build/obj/chregistry.o
 .debug_info    0x000000000001c705     0x13dd .build/obj/chmtx.o
 .debug_info    0x000000000001dae2     0x1959 .build/obj/chevents.o
 .debug_info    0x000000000001f43b      0xc10 .build/obj/chmemcore.o
 .debug_info    0x000000000002004b      0xdf9 .build/obj/chheap.o
 .debug_info    0x0000000000020e44     0x155a .build/obj/chmempools.o
 .debug_info    0x000000000002239e     0x2778 .build/obj/chfactory.o
 .debug_info    0x0000000000024b16      0xdc3 .build/obj/chcore_v7m.o
 .debug_info    0x00000000000258d9     0x17a7 .build/obj/chprintf.o
 .debug_info    0x0000000000027080     0x22e4 .build/obj/shell.o
 .debug_info    0x0000000000029364     0x22f6 .build/obj/shell_cmd.o
 .debug_info    0x000000000002b65a     0x10bc .build/obj/ch.o
 .debug_info    0x000000000002c716     0x151c .build/obj/port_to_string.o
 .debug_info    0x000000000002dc32     0x1e59 .build/obj/button_monitor.o
 .debug_info    0x000000000002fa8b     0x183d .build/obj/serial_shell.o
 .debug_info    0x00000000000312c8     0x15f1 .build/obj/serial_shell_commands.o
 .debug_info    0x00000000000328b9     0x1ebe .build/obj/main.o

.debug_abbrev   0x0000000000000000     0x7465
 .debug_abbrev  0x0000000000000000       0x14 .build/obj/crt0_v7m.o
 .debug_abbrev  0x0000000000000014       0x14 .build/obj/vectors.o
 .debug_abbrev  0x0000000000000028       0x14 .build/obj/chcoreasm_v7m.o
 .debug_abbrev  0x000000000000003c      0x12a .build/obj/crt1.o
 .debug_abbrev  0x0000000000000166      0x1eb .build/obj/hal.o
 .debug_abbrev  0x0000000000000351      0x25b .build/obj/hal_st.o
 .debug_abbrev  0x00000000000005ac      0x4a8 .build/obj/hal_queues.o
 .debug_abbrev  0x0000000000000a54      0x2dc .build/obj/hal_pwm.o
 .debug_abbrev  0x0000000000000d30      0x3df .build/obj/hal_serial.o
 .debug_abbrev  0x000000000000110f      0x216 .build/obj/nvic.o
 .debug_abbrev  0x0000000000001325      0x1e2 .build/obj/stm32_isr.o
 .debug_abbrev  0x0000000000001507      0x203 .build/obj/hal_lld.o
 .debug_abbrev  0x000000000000170a      0x232 .build/obj/hal_pal_lld.o
 .debug_abbrev  0x000000000000193c      0x266 .build/obj/hal_st_lld.o
 .debug_abbrev  0x0000000000001ba2      0x27a .build/obj/hal_pwm_lld.o
 .debug_abbrev  0x0000000000001e1c      0x373 .build/obj/hal_serial_lld.o
 .debug_abbrev  0x000000000000218f      0x24a .build/obj/board.o
 .debug_abbrev  0x00000000000023d9      0x557 .build/obj/chsys.o
 .debug_abbrev  0x0000000000002930      0x32c .build/obj/chvt.o
 .debug_abbrev  0x0000000000002c5c      0x416 .build/obj/chschd.o
 .debug_abbrev  0x0000000000003072      0x480 .build/obj/chthreads.o
 .debug_abbrev  0x00000000000034f2      0x292 .build/obj/chtm.o
 .debug_abbrev  0x0000000000003784      0x38f .build/obj/chregistry.o
 .debug_abbrev  0x0000000000003b13      0x3e5 .build/obj/chmtx.o
 .debug_abbrev  0x0000000000003ef8      0x40b .build/obj/chevents.o
 .debug_abbrev  0x0000000000004303      0x2bf .build/obj/chmemcore.o
 .debug_abbrev  0x00000000000045c2      0x2ed .build/obj/chheap.o
 .debug_abbrev  0x00000000000048af      0x41e .build/obj/chmempools.o
 .debug_abbrev  0x0000000000004ccd      0x42a .build/obj/chfactory.o
 .debug_abbrev  0x00000000000050f7      0x245 .build/obj/chcore_v7m.o
 .debug_abbrev  0x000000000000533c      0x36f .build/obj/chprintf.o
 .debug_abbrev  0x00000000000056ab      0x404 .build/obj/shell.o
 .debug_abbrev  0x0000000000005aaf      0x3b6 .build/obj/shell_cmd.o
 .debug_abbrev  0x0000000000005e65      0x39e .build/obj/ch.o
 .debug_abbrev  0x0000000000006203      0x24e .build/obj/port_to_string.o
 .debug_abbrev  0x0000000000006451      0x568 .build/obj/button_monitor.o
 .debug_abbrev  0x00000000000069b9      0x2f0 .build/obj/serial_shell.o
 .debug_abbrev  0x0000000000006ca9      0x281 .build/obj/serial_shell_commands.o
 .debug_abbrev  0x0000000000006f2a      0x53b .build/obj/main.o

.debug_aranges  0x0000000000000000      0xb38
 .debug_aranges
                0x0000000000000000       0x20 .build/obj/crt0_v7m.o
 .debug_aranges
                0x0000000000000020       0x20 .build/obj/vectors.o
 .debug_aranges
                0x0000000000000040       0x20 .build/obj/chcoreasm_v7m.o
 .debug_aranges
                0x0000000000000060       0x30 .build/obj/crt1.o
 .debug_aranges
                0x0000000000000090       0x20 .build/obj/hal.o
 .debug_aranges
                0x00000000000000b0       0x40 .build/obj/hal_st.o
 .debug_aranges
                0x00000000000000f0       0x98 .build/obj/hal_queues.o
 .debug_aranges
                0x0000000000000188       0x70 .build/obj/hal_pwm.o
 .debug_aranges
                0x00000000000001f8       0xa0 .build/obj/hal_serial.o
 .debug_aranges
                0x0000000000000298       0x38 .build/obj/nvic.o
 .debug_aranges
                0x00000000000002d0       0x28 .build/obj/stm32_isr.o
 .debug_aranges
                0x00000000000002f8       0x28 .build/obj/hal_lld.o
 .debug_aranges
                0x0000000000000320       0x28 .build/obj/hal_pal_lld.o
 .debug_aranges
                0x0000000000000348       0x28 .build/obj/hal_st_lld.o
 .debug_aranges
                0x0000000000000370       0x70 .build/obj/hal_pwm_lld.o
 .debug_aranges
                0x00000000000003e0       0x40 .build/obj/hal_serial_lld.o
 .debug_aranges
                0x0000000000000420       0x28 .build/obj/board.o
 .debug_aranges
                0x0000000000000448       0x60 .build/obj/chsys.o
 .debug_aranges
                0x00000000000004a8       0x30 .build/obj/chvt.o
 .debug_aranges
                0x00000000000004d8       0x70 .build/obj/chschd.o
 .debug_aranges
                0x0000000000000548       0xe8 .build/obj/chthreads.o
 .debug_aranges
                0x0000000000000630       0x40 .build/obj/chtm.o
 .debug_aranges
                0x0000000000000670       0x40 .build/obj/chregistry.o
 .debug_aranges
                0x00000000000006b0       0x60 .build/obj/chmtx.o
 .debug_aranges
                0x0000000000000710       0xa8 .build/obj/chevents.o
 .debug_aranges
                0x00000000000007b8       0x38 .build/obj/chmemcore.o
 .debug_aranges
                0x00000000000007f0       0x40 .build/obj/chheap.o
 .debug_aranges
                0x0000000000000830       0x80 .build/obj/chmempools.o
 .debug_aranges
                0x00000000000008b0       0xc8 .build/obj/chfactory.o
 .debug_aranges
                0x0000000000000978       0x28 .build/obj/chcore_v7m.o
 .debug_aranges
                0x00000000000009a0       0x30 .build/obj/chprintf.o
 .debug_aranges
                0x00000000000009d0       0x40 .build/obj/shell.o
 .debug_aranges
                0x0000000000000a10       0x40 .build/obj/shell_cmd.o
 .debug_aranges
                0x0000000000000a50       0x28 .build/obj/ch.o
 .debug_aranges
                0x0000000000000a78       0x20 .build/obj/port_to_string.o
 .debug_aranges
                0x0000000000000a98       0x38 .build/obj/button_monitor.o
 .debug_aranges
                0x0000000000000ad0       0x20 .build/obj/serial_shell.o
 .debug_aranges
                0x0000000000000af0       0x20 .build/obj/serial_shell_commands.o
 .debug_aranges
                0x0000000000000b10       0x28 .build/obj/main.o

.debug_str      0x0000000000000000     0x4988
 .debug_str     0x0000000000000000       0x6e .build/obj/crt0_v7m.o
 .debug_str     0x000000000000006e       0x34 .build/obj/vectors.o
                                         0x6d (size before relaxing)
 .debug_str     0x00000000000000a2       0x38 .build/obj/chcoreasm_v7m.o
                                         0x71 (size before relaxing)
 .debug_str     0x00000000000000da      0x42f .build/obj/crt1.o
                                        0x4ba (size before relaxing)
 .debug_str     0x0000000000000509      0x6db .build/obj/hal.o
                                        0xa46 (size before relaxing)
 .debug_str     0x0000000000000be4       0xaa .build/obj/hal_st.o
                                        0xa9c (size before relaxing)
 .debug_str     0x0000000000000c8e      0x594 .build/obj/hal_queues.o
                                        0xfd0 (size before relaxing)
 .debug_str     0x0000000000001222      0x1d8 .build/obj/hal_pwm.o
                                        0xc33 (size before relaxing)
 .debug_str     0x00000000000013fa      0x164 .build/obj/hal_serial.o
                                        0xc49 (size before relaxing)
 .debug_str     0x000000000000155e      0x135 .build/obj/nvic.o
                                        0xb24 (size before relaxing)
 .debug_str     0x0000000000001693      0x531 .build/obj/stm32_isr.o
                                        0xf3a (size before relaxing)
 .debug_str     0x0000000000001bc4      0x16e .build/obj/hal_lld.o
                                        0xbf9 (size before relaxing)
 .debug_str     0x0000000000001d32       0xca .build/obj/hal_pal_lld.o
                                        0xad0 (size before relaxing)
 .debug_str     0x0000000000001dfc       0xe4 .build/obj/hal_st_lld.o
                                        0xc33 (size before relaxing)
 .debug_str     0x0000000000001ee0       0x54 .build/obj/hal_pwm_lld.o
                                        0xc81 (size before relaxing)
 .debug_str     0x0000000000001f34       0x66 .build/obj/hal_serial_lld.o
                                        0xcc7 (size before relaxing)
 .debug_str     0x0000000000001f9a       0xa3 .build/obj/board.o
                                        0xc15 (size before relaxing)
 .debug_str     0x000000000000203d      0x3cf .build/obj/chsys.o
                                       0x119d (size before relaxing)
 .debug_str     0x000000000000240c       0x5f .build/obj/chvt.o
                                        0x843 (size before relaxing)
 .debug_str     0x000000000000246b      0x12e .build/obj/chschd.o
                                        0x8d8 (size before relaxing)
 .debug_str     0x0000000000002599      0x22c .build/obj/chthreads.o
                                        0xaf0 (size before relaxing)
 .debug_str     0x00000000000027c5       0xaa .build/obj/chtm.o
                                        0x859 (size before relaxing)
 .debug_str     0x000000000000286f       0xa2 .build/obj/chregistry.o
                                        0xbbc (size before relaxing)
 .debug_str     0x0000000000002911       0xb3 .build/obj/chmtx.o
                                        0x83c (size before relaxing)
 .debug_str     0x00000000000029c4      0x182 .build/obj/chevents.o
                                        0x95b (size before relaxing)
 .debug_str     0x0000000000002b46       0x8a .build/obj/chmemcore.o
                                        0x7b1 (size before relaxing)
 .debug_str     0x0000000000002bd0       0xd0 .build/obj/chheap.o
                                        0x7fd (size before relaxing)
 .debug_str     0x0000000000002ca0      0x161 .build/obj/chmempools.o
                                        0x8b7 (size before relaxing)
 .debug_str     0x0000000000002e01      0x39d .build/obj/chfactory.o
                                       0x1008 (size before relaxing)
 .debug_str     0x000000000000319e       0x73 .build/obj/chcore_v7m.o
                                        0x82a (size before relaxing)
 .debug_str     0x0000000000003211      0x124 .build/obj/chprintf.o
                                        0xb3c (size before relaxing)
 .debug_str     0x0000000000003335      0x16c .build/obj/shell.o
                                        0xffb (size before relaxing)
 .debug_str     0x00000000000034a1       0x79 .build/obj/shell_cmd.o
                                        0xfa2 (size before relaxing)
 .debug_str     0x000000000000351a      0xe8c .build/obj/ch.o
                                       0x14e3 (size before relaxing)
 .debug_str     0x00000000000043a6       0xeb .build/obj/port_to_string.o
                                        0xef5 (size before relaxing)
 .debug_str     0x0000000000004491      0x3d6 .build/obj/button_monitor.o
                                       0x197d (size before relaxing)
 .debug_str     0x0000000000004867       0xd3 .build/obj/serial_shell.o
                                       0x10a2 (size before relaxing)
 .debug_str     0x000000000000493a       0x31 .build/obj/serial_shell_commands.o
                                        0xf78 (size before relaxing)
 .debug_str     0x000000000000496b       0x1d .build/obj/main.o
                                       0x1b78 (size before relaxing)

.debug_loc      0x0000000000000000     0x7ec5
 .debug_loc     0x0000000000000000       0xb6 .build/obj/crt1.o
 .debug_loc     0x00000000000000b6       0x26 .build/obj/hal_st.o
 .debug_loc     0x00000000000000dc      0xb6f .build/obj/hal_queues.o
 .debug_loc     0x0000000000000c4b      0x358 .build/obj/hal_pwm.o
 .debug_loc     0x0000000000000fa3      0x6ca .build/obj/hal_serial.o
 .debug_loc     0x000000000000166d       0xee .build/obj/nvic.o
 .debug_loc     0x000000000000175b      0x1bf .build/obj/hal_pal_lld.o
 .debug_loc     0x000000000000191a       0x29 .build/obj/hal_st_lld.o
 .debug_loc     0x0000000000001943      0x260 .build/obj/hal_pwm_lld.o
 .debug_loc     0x0000000000001ba3      0x398 .build/obj/hal_serial_lld.o
 .debug_loc     0x0000000000001f3b      0x1b6 .build/obj/board.o
 .debug_loc     0x00000000000020f1      0x339 .build/obj/chsys.o
 .debug_loc     0x000000000000242a      0x2bd .build/obj/chvt.o
 .debug_loc     0x00000000000026e7      0x348 .build/obj/chschd.o
 .debug_loc     0x0000000000002a2f      0xbcb .build/obj/chthreads.o
 .debug_loc     0x00000000000035fa       0xa3 .build/obj/chtm.o
 .debug_loc     0x000000000000369d      0x3ae .build/obj/chregistry.o
 .debug_loc     0x0000000000003a4b      0x58d .build/obj/chmtx.o
 .debug_loc     0x0000000000003fd8      0x877 .build/obj/chevents.o
 .debug_loc     0x000000000000484f      0x218 .build/obj/chmemcore.o
 .debug_loc     0x0000000000004a67      0x582 .build/obj/chheap.o
 .debug_loc     0x0000000000004fe9      0x6ac .build/obj/chmempools.o
 .debug_loc     0x0000000000005695      0xcf7 .build/obj/chfactory.o
 .debug_loc     0x000000000000638c       0xca .build/obj/chcore_v7m.o
 .debug_loc     0x0000000000006456      0xd3b .build/obj/chprintf.o
 .debug_loc     0x0000000000007191      0x455 .build/obj/shell.o
 .debug_loc     0x00000000000075e6      0x533 .build/obj/shell_cmd.o
 .debug_loc     0x0000000000007b19       0x21 .build/obj/ch.o
 .debug_loc     0x0000000000007b3a       0x58 .build/obj/port_to_string.o
 .debug_loc     0x0000000000007b92      0x165 .build/obj/button_monitor.o
 .debug_loc     0x0000000000007cf7       0x18 .build/obj/serial_shell.o
 .debug_loc     0x0000000000007d0f       0xae .build/obj/serial_shell_commands.o
 .debug_loc     0x0000000000007dbd      0x108 .build/obj/main.o

.debug_ranges   0x0000000000000000     0x1890
 .debug_ranges  0x0000000000000000       0x20 .build/obj/crt1.o
 .debug_ranges  0x0000000000000020       0x10 .build/obj/hal.o
 .debug_ranges  0x0000000000000030       0x30 .build/obj/hal_st.o
 .debug_ranges  0x0000000000000060      0x188 .build/obj/hal_queues.o
 .debug_ranges  0x00000000000001e8       0x90 .build/obj/hal_pwm.o
 .debug_ranges  0x0000000000000278      0x108 .build/obj/hal_serial.o
 .debug_ranges  0x0000000000000380       0x28 .build/obj/nvic.o
 .debug_ranges  0x00000000000003a8       0x18 .build/obj/stm32_isr.o
 .debug_ranges  0x00000000000003c0       0x38 .build/obj/hal_lld.o
 .debug_ranges  0x00000000000003f8       0x40 .build/obj/hal_pal_lld.o
 .debug_ranges  0x0000000000000438       0x18 .build/obj/hal_st_lld.o
 .debug_ranges  0x0000000000000450       0x60 .build/obj/hal_pwm_lld.o
 .debug_ranges  0x00000000000004b0       0xc0 .build/obj/hal_serial_lld.o
 .debug_ranges  0x0000000000000570      0x130 .build/obj/board.o
 .debug_ranges  0x00000000000006a0      0x198 .build/obj/chsys.o
 .debug_ranges  0x0000000000000838       0xb0 .build/obj/chvt.o
 .debug_ranges  0x00000000000008e8      0x1b0 .build/obj/chschd.o
 .debug_ranges  0x0000000000000a98      0x2a0 .build/obj/chthreads.o
 .debug_ranges  0x0000000000000d38       0xb0 .build/obj/chtm.o
 .debug_ranges  0x0000000000000de8       0xf8 .build/obj/chregistry.o
 .debug_ranges  0x0000000000000ee0      0x230 .build/obj/chmtx.o
 .debug_ranges  0x0000000000001110       0xc8 .build/obj/chevents.o
 .debug_ranges  0x00000000000011d8       0x58 .build/obj/chmemcore.o
 .debug_ranges  0x0000000000001230       0x50 .build/obj/chheap.o
 .debug_ranges  0x0000000000001280      0x178 .build/obj/chmempools.o
 .debug_ranges  0x00000000000013f8      0x230 .build/obj/chfactory.o
 .debug_ranges  0x0000000000001628       0x30 .build/obj/chcore_v7m.o
 .debug_ranges  0x0000000000001658       0x38 .build/obj/chprintf.o
 .debug_ranges  0x0000000000001690       0x88 .build/obj/shell.o
 .debug_ranges  0x0000000000001718       0xa8 .build/obj/shell_cmd.o
 .debug_ranges  0x00000000000017c0       0x18 .build/obj/ch.o
 .debug_ranges  0x00000000000017d8       0x10 .build/obj/port_to_string.o
 .debug_ranges  0x00000000000017e8       0x40 .build/obj/button_monitor.o
 .debug_ranges  0x0000000000001828       0x10 .build/obj/serial_shell.o
 .debug_ranges  0x0000000000001838       0x10 .build/obj/serial_shell_commands.o
 .debug_ranges  0x0000000000001848       0x48 .build/obj/main.o

.debug_frame    0x0000000000000000     0x1f74
 .debug_frame   0x0000000000000000       0x7c .build/obj/crt1.o
 .debug_frame   0x000000000000007c       0x30 .build/obj/hal.o
 .debug_frame   0x00000000000000ac       0x60 .build/obj/hal_st.o
 .debug_frame   0x000000000000010c      0x244 .build/obj/hal_queues.o
 .debug_frame   0x0000000000000350      0x128 .build/obj/hal_pwm.o
 .debug_frame   0x0000000000000478      0x18c .build/obj/hal_serial.o
 .debug_frame   0x0000000000000604       0x68 .build/obj/nvic.o
 .debug_frame   0x000000000000066c       0x50 .build/obj/stm32_isr.o
 .debug_frame   0x00000000000006bc       0x3c .build/obj/hal_lld.o
 .debug_frame   0x00000000000006f8       0x50 .build/obj/hal_pal_lld.o
 .debug_frame   0x0000000000000748       0x58 .build/obj/hal_st_lld.o
 .debug_frame   0x00000000000007a0      0x118 .build/obj/hal_pwm_lld.o
 .debug_frame   0x00000000000008b8       0xb0 .build/obj/hal_serial_lld.o
 .debug_frame   0x0000000000000968       0x50 .build/obj/board.o
 .debug_frame   0x00000000000009b8      0x130 .build/obj/chsys.o
 .debug_frame   0x0000000000000ae8       0x88 .build/obj/chvt.o
 .debug_frame   0x0000000000000b70      0x140 .build/obj/chschd.o
 .debug_frame   0x0000000000000cb0      0x2dc .build/obj/chthreads.o
 .debug_frame   0x0000000000000f8c       0xa8 .build/obj/chtm.o
 .debug_frame   0x0000000000001034       0xb8 .build/obj/chregistry.o
 .debug_frame   0x00000000000010ec      0x120 .build/obj/chmtx.o
 .debug_frame   0x000000000000120c      0x1ec .build/obj/chevents.o
 .debug_frame   0x00000000000013f8       0xa0 .build/obj/chmemcore.o
 .debug_frame   0x0000000000001498       0xe4 .build/obj/chheap.o
 .debug_frame   0x000000000000157c      0x164 .build/obj/chmempools.o
 .debug_frame   0x00000000000016e0      0x2ec .build/obj/chfactory.o
 .debug_frame   0x00000000000019cc       0x3c .build/obj/chcore_v7m.o
 .debug_frame   0x0000000000001a08       0xd4 .build/obj/chprintf.o
 .debug_frame   0x0000000000001adc       0xc8 .build/obj/shell.o
 .debug_frame   0x0000000000001ba4       0xb0 .build/obj/shell_cmd.o
 .debug_frame   0x0000000000001c54       0x30 .build/obj/ch.o
 .debug_frame   0x0000000000001c84       0x30 .build/obj/port_to_string.o
 .debug_frame   0x0000000000001cb4       0x78 .build/obj/button_monitor.o
 .debug_frame   0x0000000000001d2c       0x30 .build/obj/serial_shell.o
 .debug_frame   0x0000000000001d5c       0x20 .build/obj/serial_shell_commands.o
 .debug_frame   0x0000000000001d7c       0x64 .build/obj/main.o
 .debug_frame   0x0000000000001de0       0x2c /usr/local/Cellar/gcc-arm-none-eabi/20171218/bin/../lib/gcc/arm-none-eabi/7.2.1/thumb/v7e-m/libgcc.a(_aeabi_uldivmod.o)
 .debug_frame   0x0000000000001e0c       0x34 /usr/local/Cellar/gcc-arm-none-eabi/20171218/bin/../lib/gcc/arm-none-eabi/7.2.1/thumb/v7e-m/libgcc.a(_udivmoddi4.o)
 .debug_frame   0x0000000000001e40       0x38 /usr/local/Cellar/gcc-arm-none-eabi/20171218/bin/../lib/gcc/arm-none-eabi/7.2.1/../../../../arm-none-eabi/lib/thumb/v7e-m/libg.a(lib_a-memset.o)
 .debug_frame   0x0000000000001e78       0x30 /usr/local/Cellar/gcc-arm-none-eabi/20171218/bin/../lib/gcc/arm-none-eabi/7.2.1/../../../../arm-none-eabi/lib/thumb/v7e-m/libg.a(lib_a-strchr.o)
 .debug_frame   0x0000000000001ea8       0x68 /usr/local/Cellar/gcc-arm-none-eabi/20171218/bin/../lib/gcc/arm-none-eabi/7.2.1/../../../../arm-none-eabi/lib/thumb/v7e-m/libg.a(lib_a-strcmp.o)
 .debug_frame   0x0000000000001f10       0x30 /usr/local/Cellar/gcc-arm-none-eabi/20171218/bin/../lib/gcc/arm-none-eabi/7.2.1/../../../../arm-none-eabi/lib/thumb/v7e-m/libg.a(lib_a-strpbrk.o)
 .debug_frame   0x0000000000001f40       0x34 /usr/local/Cellar/gcc-arm-none-eabi/20171218/bin/../lib/gcc/arm-none-eabi/7.2.1/../../../../arm-none-eabi/lib/thumb/v7e-m/libg.a(lib_a-strspn.o)

Cross Reference Table

Symbol                                            File
BusFault_Handler                                  .build/obj/vectors.o
ButtonMonitorThread::ButtonMonitorThread(stm32_gpio_t*, unsigned long) .build/obj/button_monitor.o
ButtonMonitorThread::ButtonMonitorThread(stm32_gpio_t*, unsigned long) .build/obj/button_monitor.o
                                                  .build/obj/main.o
ButtonMonitorThread::main()                       .build/obj/button_monitor.o
DebugMon_Handler                                  .build/obj/vectors.o
HardFault_Handler                                 .build/obj/vectors.o
MemManage_Handler                                 .build/obj/vectors.o
NMI_Handler                                       .build/obj/vectors.o
PWMD4                                             .build/obj/hal_pwm_lld.o
PendSV_Handler                                    .build/obj/vectors.o
Reset_Handler                                     .build/obj/vectors.o
SD1                                               .build/obj/hal_serial_lld.o
                                                  .build/obj/serial_shell.o
SVC_Handler                                       .build/obj/chcore_v7m.o
                                                  .build/obj/vectors.o
SysTick_Handler                                   .build/obj/vectors.o
SystemCoreClock                                   .build/obj/hal_lld.o
UsageFault_Handler                                .build/obj/vectors.o
Vector100                                         .build/obj/vectors.o
Vector104                                         .build/obj/vectors.o
Vector108                                         .build/obj/vectors.o
Vector10C                                         .build/obj/vectors.o
Vector110                                         .build/obj/vectors.o
Vector114                                         .build/obj/vectors.o
Vector118                                         .build/obj/vectors.o
Vector11C                                         .build/obj/vectors.o
Vector120                                         .build/obj/vectors.o
Vector124                                         .build/obj/vectors.o
Vector128                                         .build/obj/vectors.o
Vector12C                                         .build/obj/vectors.o
Vector130                                         .build/obj/vectors.o
Vector134                                         .build/obj/vectors.o
Vector138                                         .build/obj/vectors.o
Vector13C                                         .build/obj/vectors.o
Vector140                                         .build/obj/vectors.o
Vector144                                         .build/obj/vectors.o
Vector148                                         .build/obj/vectors.o
Vector14C                                         .build/obj/vectors.o
Vector150                                         .build/obj/vectors.o
Vector154                                         .build/obj/vectors.o
Vector158                                         .build/obj/vectors.o
Vector15C                                         .build/obj/vectors.o
Vector160                                         .build/obj/vectors.o
Vector164                                         .build/obj/vectors.o
Vector168                                         .build/obj/vectors.o
Vector16C                                         .build/obj/vectors.o
Vector170                                         .build/obj/vectors.o
Vector174                                         .build/obj/vectors.o
Vector178                                         .build/obj/vectors.o
Vector17C                                         .build/obj/vectors.o
Vector180                                         .build/obj/vectors.o
Vector184                                         .build/obj/vectors.o
Vector188                                         .build/obj/vectors.o
Vector18C                                         .build/obj/vectors.o
Vector190                                         .build/obj/vectors.o
Vector194                                         .build/obj/vectors.o
Vector198                                         .build/obj/vectors.o
Vector19C                                         .build/obj/vectors.o
Vector1A0                                         .build/obj/vectors.o
Vector1A4                                         .build/obj/vectors.o
Vector1A8                                         .build/obj/vectors.o
Vector1AC                                         .build/obj/vectors.o
Vector1B0                                         .build/obj/vectors.o
Vector1B4                                         .build/obj/vectors.o
Vector1B8                                         .build/obj/vectors.o
Vector1BC                                         .build/obj/vectors.o
Vector1C                                          .build/obj/vectors.o
Vector1C0                                         .build/obj/vectors.o
Vector1C4                                         .build/obj/vectors.o
Vector1C8                                         .build/obj/vectors.o
Vector1CC                                         .build/obj/vectors.o
Vector1D0                                         .build/obj/vectors.o
Vector1D4                                         .build/obj/vectors.o
Vector1D8                                         .build/obj/vectors.o
Vector1DC                                         .build/obj/vectors.o
Vector20                                          .build/obj/vectors.o
Vector24                                          .build/obj/vectors.o
Vector28                                          .build/obj/vectors.o
Vector34                                          .build/obj/vectors.o
Vector40                                          .build/obj/vectors.o
Vector44                                          .build/obj/vectors.o
Vector48                                          .build/obj/vectors.o
Vector4C                                          .build/obj/vectors.o
Vector50                                          .build/obj/vectors.o
Vector54                                          .build/obj/vectors.o
Vector58                                          .build/obj/vectors.o
Vector5C                                          .build/obj/vectors.o
Vector60                                          .build/obj/vectors.o
Vector64                                          .build/obj/vectors.o
Vector68                                          .build/obj/vectors.o
Vector6C                                          .build/obj/vectors.o
Vector70                                          .build/obj/vectors.o
Vector74                                          .build/obj/vectors.o
Vector78                                          .build/obj/vectors.o
Vector7C                                          .build/obj/vectors.o
Vector80                                          .build/obj/vectors.o
Vector84                                          .build/obj/vectors.o
Vector88                                          .build/obj/vectors.o
Vector8C                                          .build/obj/vectors.o
Vector90                                          .build/obj/vectors.o
Vector94                                          .build/obj/vectors.o
Vector98                                          .build/obj/vectors.o
Vector9C                                          .build/obj/vectors.o