ARM GAS  /var/folders/cv/nmhcdbks2qd7r00g716_gs8r0000gn/T//ccV10C8o.s 			page 1


   1              	# 1 "../os/common/startup/ARMCMx/compilers/GCC/vectors.S"
   1              	/*
   1              	...
   0              	
   0              	
   2              	    ChibiOS - Copyright (C) 2006..2018 Giovanni Di Sirio
   3              	
   4              	    Licensed under the Apache License, Version 2.0 (the "License");
   5              	    you may not use this file except in compliance with the License.
   6              	    You may obtain a copy of the License at
   7              	
   8              	        http://www.apache.org/licenses/LICENSE-2.0
   9              	
  10              	    Unless required by applicable law or agreed to in writing, software
  11              	    distributed under the License is distributed on an "AS IS" BASIS,
  12              	    WITHOUT WARRANTIES OR CONDITIONS OF ANY KIND, either express or implied.
  13              	    See the License for the specific language governing permissions and
  14              	    limitations under the License.
  15              	*/
  16              	
  17              	/**
  18              	 * @file    ARMCMx/GCC/vectors.S
  19              	 * @brief   Interrupt vectors for Cortex-Mx devices.
  20              	 *
  21              	 * @defgroup ARMCMx_GCC_VECTORS Cortex-Mx Interrupt Vectors
  22              	 * @{
  23              	 */
  24              	
  25              	#define _FROM_ASM_
  26              	#include "cmparams.h"
   1              	/*
   2              	    ChibiOS - Copyright (C) 2006..2018 Giovanni Di Sirio
   3              	
   4              	    Licensed under the Apache License, Version 2.0 (the "License");
   5              	    you may not use this file except in compliance with the License.
   6              	    You may obtain a copy of the License at
   7              	
   8              	        http://www.apache.org/licenses/LICENSE-2.0
   9              	
  10              	    Unless required by applicable law or agreed to in writing, software
  11              	    distributed under the License is distributed on an "AS IS" BASIS,
  12              	    WITHOUT WARRANTIES OR CONDITIONS OF ANY KIND, either express or implied.
  13              	    See the License for the specific language governing permissions and
  14              	    limitations under the License.
  15              	*/
  16              	
  17              	/**
  18              	 * @file    STM32F4xx/cmparams.h
  19              	 * @brief   ARM Cortex-M4 parameters for the STM32F4xx.
  20              	 *
  21              	 * @defgroup ARMCMx_STM32F4xx STM32F4xx Specific Parameters
  22              	 * @ingroup ARMCMx_SPECIFIC
  23              	 * @details This file contains the Cortex-M4 specific parameters for the
  24              	 *          STM32F4xx platform.
  25              	 * @{
  26              	 */
  27              	
ARM GAS  /var/folders/cv/nmhcdbks2qd7r00g716_gs8r0000gn/T//ccV10C8o.s 			page 2


  28              	#ifndef CMPARAMS_H
  29              	#define CMPARAMS_H
  30              	
  31              	/**
  32              	 * @brief   Cortex core model.
  33              	 */
  34              	#define CORTEX_MODEL            4
  35              	
  36              	/**
  37              	 * @brief   Floating Point unit presence.
  38              	 */
  39              	#define CORTEX_HAS_FPU          1
  40              	
  41              	/**
  42              	 * @brief   Number of bits in priority masks.
  43              	 */
  44              	#define CORTEX_PRIORITY_BITS    4
  45              	
  46              	/* If the device type is not externally defined, for example from the Makefile,
  47              	   then a file named board.h is included. This file must contain a device
  48              	   definition compatible with the vendor include file.*/
  49              	#if !defined(STM32F405xx) && !defined(STM32F415xx) &&                       \
  50              	    !defined(STM32F407xx) && !defined(STM32F417xx) &&                       \
  51              	    !defined(STM32F427xx) && !defined(STM32F437xx) &&                       \
  52              	    !defined(STM32F429xx) && !defined(STM32F439xx) &&                       \
  53              	    !defined(STM32F401xC) && !defined(STM32F401xE) &&                       \
  54              	    !defined(STM32F410Cx) && !defined(STM32F410Rx) &&                       \
  55              	    !defined(STM32F411xE) && !defined(STM32F446xx) &&                       \
  56              	    !defined(STM32F469xx) && !defined(STM32F479xx)
  57              	#include "board.h"
   1              	/*
  58              	#endif
  27              	
  28              	#if (CORTEX_NUM_VECTORS % 8) != 0
  29              	#error "the constant CORTEX_NUM_VECTORS must be a multiple of 8"
  30              	#endif
  31              	
  32              	#if (CORTEX_NUM_VECTORS < 8) || (CORTEX_NUM_VECTORS > 240)
  33              	#error "the constant CORTEX_NUM_VECTORS must be between 8 and 240 inclusive"
  34              	#endif
  35              	
  36              	/*===========================================================================*/
  37              	/* Module constants.                                                         */
  38              	/*===========================================================================*/
  39              	
  40              	/*===========================================================================*/
  41              	/* Module pre-compile time settings.                                         */
  42              	/*===========================================================================*/
  43              	
  44              	/*===========================================================================*/
  45              	/* Code section.                                                             */
  46              	/*===========================================================================*/
  47              	
  48              	#if !defined(__DOXYGEN__)
  49              	
  50              	        .syntax unified
  51              	        .cpu    cortex-m0
ARM GAS  /var/folders/cv/nmhcdbks2qd7r00g716_gs8r0000gn/T//ccV10C8o.s 			page 3


  52              	        .thumb
  53              	
  54              	        .section    .vectors, "ax"
  55              	        .align      4
  56              	        .globl      _vectors
  57              	_vectors:
  58 0000 00000000 	        .long       __main_stack_end__
  59 0004 00000000 	        .long       Reset_Handler
  60 0008 00000000 	        .long       NMI_Handler
  61 000c 00000000 	        .long       HardFault_Handler
  62 0010 00000000 	        .long       MemManage_Handler
  63 0014 00000000 	        .long       BusFault_Handler
  64 0018 00000000 	        .long       UsageFault_Handler
  65 001c 00000000 	        .long       Vector1C
  66 0020 00000000 	        .long       Vector20
  67 0024 00000000 	        .long       Vector24
  68 0028 00000000 	        .long       Vector28
  69 002c 00000000 	        .long       SVC_Handler
  70 0030 00000000 	        .long       DebugMon_Handler
  71 0034 00000000 	        .long       Vector34
  72 0038 00000000 	        .long       PendSV_Handler
  73 003c 00000000 	        .long       SysTick_Handler
  74 0040 00000000 	        .long       Vector40,   Vector44,   Vector48,   Vector4C
  74      00000000 
  74      00000000 
  74      00000000 
  75              	#if CORTEX_NUM_VECTORS > 4
  76 0050 00000000 	        .long       Vector50,   Vector54,   Vector58,   Vector5C
  76      00000000 
  76      00000000 
  76      00000000 
  77              	#endif
  78              	#if CORTEX_NUM_VECTORS > 8
  79 0060 00000000 	        .long       Vector60,   Vector64,   Vector68,   Vector6C
  79      00000000 
  79      00000000 
  79      00000000 
  80              	#endif
  81              	#if CORTEX_NUM_VECTORS > 12
  82 0070 00000000 	        .long       Vector70,   Vector74,   Vector78,   Vector7C
  82      00000000 
  82      00000000 
  82      00000000 
  83              	#endif
  84              	#if CORTEX_NUM_VECTORS > 16
  85 0080 00000000 	        .long       Vector80,   Vector84,   Vector88,   Vector8C
  85      00000000 
  85      00000000 
  85      00000000 
  86              	#endif
  87              	#if CORTEX_NUM_VECTORS > 20
  88 0090 00000000 	        .long       Vector90,   Vector94,   Vector98,   Vector9C
  88      00000000 
  88      00000000 
  88      00000000 
  89              	#endif
  90              	#if CORTEX_NUM_VECTORS > 24
ARM GAS  /var/folders/cv/nmhcdbks2qd7r00g716_gs8r0000gn/T//ccV10C8o.s 			page 4


  91 00a0 00000000 	        .long       VectorA0,   VectorA4,   VectorA8,   VectorAC
  91      00000000 
  91      00000000 
  91      00000000 
  92              	#endif
  93              	#if CORTEX_NUM_VECTORS > 28
  94 00b0 00000000 	        .long       VectorB0,   VectorB4,   VectorB8,   VectorBC
  94      00000000 
  94      00000000 
  94      00000000 
  95              	#endif
  96              	#if CORTEX_NUM_VECTORS > 32
  97 00c0 00000000 	        .long       VectorC0,   VectorC4,   VectorC8,   VectorCC
  97      00000000 
  97      00000000 
  97      00000000 
  98              	#endif
  99              	#if CORTEX_NUM_VECTORS > 36
 100 00d0 00000000 	        .long       VectorD0,   VectorD4,   VectorD8,   VectorDC
 100      00000000 
 100      00000000 
 100      00000000 
 101              	#endif
 102              	#if CORTEX_NUM_VECTORS > 40
 103 00e0 00000000 	        .long       VectorE0,   VectorE4,   VectorE8,   VectorEC
 103      00000000 
 103      00000000 
 103      00000000 
 104              	#endif
 105              	#if CORTEX_NUM_VECTORS > 44
 106 00f0 00000000 	        .long       VectorF0,   VectorF4,   VectorF8,   VectorFC
 106      00000000 
 106      00000000 
 106      00000000 
 107              	#endif
 108              	#if CORTEX_NUM_VECTORS > 48
 109 0100 00000000 	        .long       Vector100,  Vector104,  Vector108,  Vector10C
 109      00000000 
 109      00000000 
 109      00000000 
 110              	#endif
 111              	#if CORTEX_NUM_VECTORS > 52
 112 0110 00000000 	        .long       Vector110,  Vector114,  Vector118,  Vector11C
 112      00000000 
 112      00000000 
 112      00000000 
 113              	#endif
 114              	#if CORTEX_NUM_VECTORS > 56
 115 0120 00000000 	        .long       Vector120,  Vector124,  Vector128,  Vector12C
 115      00000000 
 115      00000000 
 115      00000000 
 116              	#endif
 117              	#if CORTEX_NUM_VECTORS > 60
 118 0130 00000000 	        .long       Vector130,  Vector134,  Vector138,  Vector13C
 118      00000000 
 118      00000000 
ARM GAS  /var/folders/cv/nmhcdbks2qd7r00g716_gs8r0000gn/T//ccV10C8o.s 			page 5


 118      00000000 
 119              	#endif
 120              	#if CORTEX_NUM_VECTORS > 64
 121 0140 00000000 	        .long       Vector140,  Vector144,  Vector148,  Vector14C
 121      00000000 
 121      00000000 
 121      00000000 
 122              	#endif
 123              	#if CORTEX_NUM_VECTORS > 68
 124 0150 00000000 	        .long       Vector150,  Vector154,  Vector158,  Vector15C
 124      00000000 
 124      00000000 
 124      00000000 
 125              	#endif
 126              	#if CORTEX_NUM_VECTORS > 72
 127 0160 00000000 	        .long       Vector160,  Vector164,  Vector168,  Vector16C
 127      00000000 
 127      00000000 
 127      00000000 
 128              	#endif
 129              	#if CORTEX_NUM_VECTORS > 76
 130 0170 00000000 	        .long       Vector170,  Vector174,  Vector178,  Vector17C
 130      00000000 
 130      00000000 
 130      00000000 
 131              	#endif
 132              	#if CORTEX_NUM_VECTORS > 80
 133 0180 00000000 	        .long       Vector180,  Vector184,  Vector188,  Vector18C
 133      00000000 
 133      00000000 
 133      00000000 
 134              	#endif
 135              	#if CORTEX_NUM_VECTORS > 84
 136 0190 00000000 	        .long       Vector190,  Vector194,  Vector198,  Vector19C
 136      00000000 
 136      00000000 
 136      00000000 
 137              	#endif
 138              	#if CORTEX_NUM_VECTORS > 88
 139 01a0 00000000 	        .long       Vector1A0,  Vector1A4,  Vector1A8,  Vector1AC
 139      00000000 
 139      00000000 
 139      00000000 
 140              	#endif
 141              	#if CORTEX_NUM_VECTORS > 92
 142 01b0 00000000 	        .long       Vector1B0,  Vector1B4,  Vector1B8,  Vector1BC
 142      00000000 
 142      00000000 
 142      00000000 
 143              	#endif
 144              	#if CORTEX_NUM_VECTORS > 96
 145 01c0 00000000 	        .long       Vector1C0,  Vector1C4,  Vector1C8,  Vector1CC
 145      00000000 
 145      00000000 
 145      00000000 
 146              	#endif
 147              	#if CORTEX_NUM_VECTORS > 100
ARM GAS  /var/folders/cv/nmhcdbks2qd7r00g716_gs8r0000gn/T//ccV10C8o.s 			page 6


 148 01d0 00000000 	        .long       Vector1D0,  Vector1D4,  Vector1D8,  Vector1DC
 148      00000000 
 148      00000000 
 148      00000000 
 149              	#endif
 150              	#if CORTEX_NUM_VECTORS > 104
 151              	        .long       Vector1E0,  Vector1E4,  Vector1E8,  Vector1EC
 152              	#endif
 153              	#if CORTEX_NUM_VECTORS > 108
 154              	        .long       Vector1F0,  Vector1F4,  Vector1F8,  Vector1FC
 155              	#endif
 156              	#if CORTEX_NUM_VECTORS > 112
 157              	        .long       Vector200,  Vector204,  Vector208,  Vector20C
 158              	#endif
 159              	#if CORTEX_NUM_VECTORS > 116
 160              	        .long       Vector210,  Vector214,  Vector218,  Vector21C
 161              	#endif
 162              	#if CORTEX_NUM_VECTORS > 120
 163              	        .long       Vector220,  Vector224,  Vector228,  Vector22C
 164              	#endif
 165              	#if CORTEX_NUM_VECTORS > 124
 166              	        .long       Vector230,  Vector234,  Vector238,  Vector23C
 167              	#endif
 168              	#if CORTEX_NUM_VECTORS > 128
 169              	        .long       Vector240,  Vector244,  Vector248,  Vector24C
 170              	#endif
 171              	#if CORTEX_NUM_VECTORS > 132
 172              	        .long       Vector250,  Vector254,  Vector258,  Vector25C
 173              	#endif
 174              	#if CORTEX_NUM_VECTORS > 136
 175              	        .long       Vector260,  Vector264,  Vector268,  Vector26C
 176              	#endif
 177              	#if CORTEX_NUM_VECTORS > 140
 178              	        .long       Vector270,  Vector274,  Vector278,  Vector27C
 179              	#endif
 180              	#if CORTEX_NUM_VECTORS > 144
 181              	        .long       Vector280,  Vector284,  Vector288,  Vector28C
 182              	#endif
 183              	#if CORTEX_NUM_VECTORS > 148
 184              	        .long       Vector290,  Vector294,  Vector298,  Vector29C
 185              	#endif
 186              	#if CORTEX_NUM_VECTORS > 152
 187              	        .long       Vector2A0,  Vector2A4,  Vector2A8,  Vector2AC
 188              	#endif
 189              	#if CORTEX_NUM_VECTORS > 156
 190              	        .long       Vector2B0,  Vector2B4,  Vector2B8,  Vector2BC
 191              	#endif
 192              	#if CORTEX_NUM_VECTORS > 160
 193              	        .long       Vector2C0,  Vector2C4,  Vector2C8,  Vector2CC
 194              	#endif
 195              	#if CORTEX_NUM_VECTORS > 164
 196              	        .long       Vector2D0,  Vector2D4,  Vector2D8,  Vector2DC
 197              	#endif
 198              	#if CORTEX_NUM_VECTORS > 168
 199              	        .long       Vector2E0,  Vector2E4,  Vector2E8,  Vector2EC
 200              	#endif
 201              	#if CORTEX_NUM_VECTORS > 172
ARM GAS  /var/folders/cv/nmhcdbks2qd7r00g716_gs8r0000gn/T//ccV10C8o.s 			page 7


 202              	        .long       Vector2F0,  Vector2F4,  Vector2F8,  Vector2FC
 203              	#endif
 204              	#if CORTEX_NUM_VECTORS > 176
 205              	        .long       Vector300,  Vector304,  Vector308,  Vector30C
 206              	#endif
 207              	#if CORTEX_NUM_VECTORS > 180
 208              	        .long       Vector310,  Vector314,  Vector318,  Vector31C
 209              	#endif
 210              	#if CORTEX_NUM_VECTORS > 184
 211              	        .long       Vector320,  Vector324,  Vector328,  Vector32C
 212              	#endif
 213              	#if CORTEX_NUM_VECTORS > 188
 214              	        .long       Vector330,  Vector334,  Vector338,  Vector33C
 215              	#endif
 216              	#if CORTEX_NUM_VECTORS > 192
 217              	        .long       Vector340,  Vector344,  Vector348,  Vector34C
 218              	#endif
 219              	#if CORTEX_NUM_VECTORS > 196
 220              	        .long       Vector350,  Vector354,  Vector358,  Vector35C
 221              	#endif
 222              	#if CORTEX_NUM_VECTORS > 200
 223              	        .long       Vector360,  Vector364,  Vector368,  Vector36C
 224              	#endif
 225              	#if CORTEX_NUM_VECTORS > 204
 226              	        .long       Vector370,  Vector374,  Vector378,  Vector37C
 227              	#endif
 228              	#if CORTEX_NUM_VECTORS > 208
 229              	        .long       Vector380,  Vector384,  Vector388,  Vector38C
 230              	#endif
 231              	#if CORTEX_NUM_VECTORS > 212
 232              	        .long       Vector390,  Vector394,  Vector398,  Vector39C
 233              	#endif
 234              	#if CORTEX_NUM_VECTORS > 216
 235              	        .long       Vector3A0,  Vector3A4,  Vector3A8,  Vector3AC
 236              	#endif
 237              	#if CORTEX_NUM_VECTORS > 220
 238              	        .long       Vector3B0,  Vector3B4,  Vector3B8,  Vector3BC
 239              	#endif
 240              	#if CORTEX_NUM_VECTORS > 224
 241              	        .long       Vector3C0,  Vector3C4,  Vector3C8,  Vector3CC
 242              	#endif
 243              	#if CORTEX_NUM_VECTORS > 228
 244              	        .long       Vector3D0,  Vector3D4,  Vector3D8,  Vector3DC
 245              	#endif
 246              	#if CORTEX_NUM_VECTORS > 232
 247              	        .long       Vector3E0,  Vector3E4,  Vector3E8,  Vector3EC
 248              	#endif
 249              	#if CORTEX_NUM_VECTORS > 236
 250              	        .long       Vector3F0,  Vector3F4,  Vector3F8,  Vector3FC
 251              	#endif
 252              	
 253              	        .text
 254              	
 255              	        .align      2
 256              	        .thumb_func
 257              	        .weak       Reset_Handler
 258              	Reset_Handler:
ARM GAS  /var/folders/cv/nmhcdbks2qd7r00g716_gs8r0000gn/T//ccV10C8o.s 			page 8


 259 0000 FEE7     	         b          _crt0_entry
 260              	
 261              	        .thumb_func
 262              	        .weak       NMI_Handler,
 263              	        .weak       HardFault_Handler
 264              	        .weak       MemManage_Handler
 265              	        .weak       BusFault_Handler
 266              	        .weak       UsageFault_Handler
 267              	        .weak       Vector1C
 268              	        .weak       Vector20
 269              	        .weak       Vector24
 270              	        .weak       Vector28
 271              	        .weak       SVC_Handler
 272              	        .weak       DebugMon_Handler
 273              	        .weak       Vector34
 274              	        .weak       PendSV_Handler
 275              	        .weak       SysTick_Handler
 276              	        .weak       Vector40,   Vector44,   Vector48,   Vector4C
 277              	#if CORTEX_NUM_VECTORS > 4
 278              	        .weak       Vector50,   Vector54,   Vector58,   Vector5C
 279              	#endif
 280              	#if CORTEX_NUM_VECTORS > 8
 281              	        .weak       Vector60,   Vector64,   Vector68,   Vector6C
 282              	#endif
 283              	#if CORTEX_NUM_VECTORS > 12
 284              	        .weak       Vector70,   Vector74,   Vector78,   Vector7C
 285              	#endif
 286              	#if CORTEX_NUM_VECTORS > 16
 287              	        .weak       Vector80,   Vector84,   Vector88,   Vector8C
 288              	#endif
 289              	#if CORTEX_NUM_VECTORS > 20
 290              	        .weak       Vector90,   Vector94,   Vector98,   Vector9C
 291              	#endif
 292              	#if CORTEX_NUM_VECTORS > 24
 293              	        .weak       VectorA0,   VectorA4,   VectorA8,   VectorAC
 294              	#endif
 295              	#if CORTEX_NUM_VECTORS > 28
 296              	        .weak       VectorB0,   VectorB4,   VectorB8,   VectorBC
 297              	#endif
 298              	#if CORTEX_NUM_VECTORS > 32
 299              	        .weak       VectorC0,   VectorC4,   VectorC8,   VectorCC
 300              	#endif
 301              	#if CORTEX_NUM_VECTORS > 36
 302              	        .weak       VectorD0,   VectorD4,   VectorD8,   VectorDC
 303              	#endif
 304              	#if CORTEX_NUM_VECTORS > 40
 305              	        .weak       VectorE0,   VectorE4,   VectorE8,   VectorEC
 306              	#endif
 307              	#if CORTEX_NUM_VECTORS > 44
 308              	        .weak       VectorF0,   VectorF4,   VectorF8,   VectorFC
 309              	#endif
 310              	#if CORTEX_NUM_VECTORS > 48
 311              	        .weak       Vector100,  Vector104,  Vector108,  Vector10C
 312              	#endif
 313              	#if CORTEX_NUM_VECTORS > 52
 314              	        .weak       Vector110,  Vector114,  Vector118,  Vector11C
 315              	#endif
ARM GAS  /var/folders/cv/nmhcdbks2qd7r00g716_gs8r0000gn/T//ccV10C8o.s 			page 9


 316              	#if CORTEX_NUM_VECTORS > 56
 317              	        .weak       Vector120,  Vector124,  Vector128,  Vector12C
 318              	#endif
 319              	#if CORTEX_NUM_VECTORS > 60
 320              	        .weak       Vector130,  Vector134,  Vector138,  Vector13C
 321              	#endif
 322              	#if CORTEX_NUM_VECTORS > 64
 323              	        .weak       Vector140,  Vector144,  Vector148,  Vector14C
 324              	#endif
 325              	#if CORTEX_NUM_VECTORS > 68
 326              	        .weak       Vector150,  Vector154,  Vector158,  Vector15C
 327              	#endif
 328              	#if CORTEX_NUM_VECTORS > 72
 329              	        .weak       Vector160,  Vector164,  Vector168,  Vector16C
 330              	#endif
 331              	#if CORTEX_NUM_VECTORS > 76
 332              	        .weak       Vector170,  Vector174,  Vector178,  Vector17C
 333              	#endif
 334              	#if CORTEX_NUM_VECTORS > 80
 335              	        .weak       Vector180,  Vector184,  Vector188,  Vector18C
 336              	#endif
 337              	#if CORTEX_NUM_VECTORS > 84
 338              	        .weak       Vector190,  Vector194,  Vector198,  Vector19C
 339              	#endif
 340              	#if CORTEX_NUM_VECTORS > 88
 341              	        .weak       Vector1A0,  Vector1A4,  Vector1A8,  Vector1AC
 342              	#endif
 343              	#if CORTEX_NUM_VECTORS > 92
 344              	        .weak       Vector1B0,  Vector1B4,  Vector1B8,  Vector1BC
 345              	#endif
 346              	#if CORTEX_NUM_VECTORS > 96
 347              	        .weak       Vector1C0,  Vector1C4,  Vector1C8,  Vector1CC
 348              	#endif
 349              	#if CORTEX_NUM_VECTORS > 100
 350              	        .weak       Vector1D0,  Vector1D4,  Vector1D8,  Vector1DC
 351              	#endif
 352              	#if CORTEX_NUM_VECTORS > 104
 353              	        .weak       Vector1E0,  Vector1E4,  Vector1E8,  Vector1EC
 354              	#endif
 355              	#if CORTEX_NUM_VECTORS > 108
 356              	        .weak       Vector1F0,  Vector1F4,  Vector1F8,  Vector1FC
 357              	#endif
 358              	#if CORTEX_NUM_VECTORS > 112
 359              	        .weak       Vector200,  Vector204,  Vector208,  Vector20C
 360              	#endif
 361              	#if CORTEX_NUM_VECTORS > 116
 362              	        .weak       Vector210,  Vector214,  Vector218,  Vector21C
 363              	#endif
 364              	#if CORTEX_NUM_VECTORS > 120
 365              	        .weak       Vector220,  Vector224,  Vector228,  Vector22C
 366              	#endif
 367              	#if CORTEX_NUM_VECTORS > 124
 368              	        .weak       Vector230,  Vector234,  Vector238,  Vector23C
 369              	#endif
 370              	#if CORTEX_NUM_VECTORS > 128
 371              	        .weak       Vector240,  Vector244,  Vector248,  Vector24C
 372              	#endif
ARM GAS  /var/folders/cv/nmhcdbks2qd7r00g716_gs8r0000gn/T//ccV10C8o.s 			page 10


 373              	#if CORTEX_NUM_VECTORS > 132
 374              	        .weak       Vector250,  Vector254,  Vector258,  Vector25C
 375              	#endif
 376              	#if CORTEX_NUM_VECTORS > 136
 377              	        .weak       Vector260,  Vector264,  Vector268,  Vector26C
 378              	#endif
 379              	#if CORTEX_NUM_VECTORS > 140
 380              	        .weak       Vector270,  Vector274,  Vector278,  Vector27C
 381              	#endif
 382              	#if CORTEX_NUM_VECTORS > 144
 383              	        .weak       Vector280,  Vector284,  Vector288,  Vector28C
 384              	#endif
 385              	#if CORTEX_NUM_VECTORS > 148
 386              	        .weak       Vector290,  Vector294,  Vector298,  Vector29C
 387              	#endif
 388              	#if CORTEX_NUM_VECTORS > 152
 389              	        .weak       Vector2A0,  Vector2A4,  Vector2A8,  Vector2AC
 390              	#endif
 391              	#if CORTEX_NUM_VECTORS > 156
 392              	        .weak       Vector2B0,  Vector2B4,  Vector2B8,  Vector2BC
 393              	#endif
 394              	#if CORTEX_NUM_VECTORS > 160
 395              	        .weak       Vector2C0,  Vector2C4,  Vector2C8,  Vector2CC
 396              	#endif
 397              	#if CORTEX_NUM_VECTORS > 164
 398              	        .weak       Vector2D0,  Vector2D4,  Vector2D8,  Vector2DC
 399              	#endif
 400              	#if CORTEX_NUM_VECTORS > 168
 401              	        .weak       Vector2E0,  Vector2E4,  Vector2E8,  Vector2EC
 402              	#endif
 403              	#if CORTEX_NUM_VECTORS > 172
 404              	        .weak       Vector2F0,  Vector2F4,  Vector2F8,  Vector2FC
 405              	#endif
 406              	#if CORTEX_NUM_VECTORS > 176
 407              	        .weak       Vector300,  Vector304,  Vector308,  Vector30C
 408              	#endif
 409              	#if CORTEX_NUM_VECTORS > 180
 410              	        .weak       Vector310,  Vector314,  Vector318,  Vector31C
 411              	#endif
 412              	#if CORTEX_NUM_VECTORS > 184
 413              	        .weak       Vector320,  Vector324,  Vector328,  Vector32C
 414              	#endif
 415              	#if CORTEX_NUM_VECTORS > 188
 416              	        .weak       Vector330,  Vector334,  Vector338,  Vector33C
 417              	#endif
 418              	#if CORTEX_NUM_VECTORS > 192
 419              	        .weak       Vector340,  Vector344,  Vector348,  Vector34C
 420              	#endif
 421              	#if CORTEX_NUM_VECTORS > 196
 422              	        .weak       Vector350,  Vector354,  Vector358,  Vector35C
 423              	#endif
 424              	#if CORTEX_NUM_VECTORS > 200
 425              	        .weak       Vector360,  Vector364,  Vector368,  Vector36C
 426              	#endif
 427              	#if CORTEX_NUM_VECTORS > 204
 428              	        .weak       Vector370,  Vector374,  Vector378,  Vector37C
 429              	#endif
ARM GAS  /var/folders/cv/nmhcdbks2qd7r00g716_gs8r0000gn/T//ccV10C8o.s 			page 11


 430              	#if CORTEX_NUM_VECTORS > 208
 431              	        .weak       Vector380,  Vector384,  Vector388,  Vector38C
 432              	#endif
 433              	#if CORTEX_NUM_VECTORS > 212
 434              	        .weak       Vector390,  Vector394,  Vector398,  Vector39C
 435              	#endif
 436              	#if CORTEX_NUM_VECTORS > 216
 437              	        .weak       Vector3A0,  Vector3A4,  Vector3A8,  Vector3AC
 438              	#endif
 439              	#if CORTEX_NUM_VECTORS > 220
 440              	        .weak       Vector3B0,  Vector3B4,  Vector3B8,  Vector3BC
 441              	#endif
 442              	#if CORTEX_NUM_VECTORS > 224
 443              	        .weak       Vector3C0,  Vector3C4,  Vector3C8,  Vector3CC
 444              	#endif
 445              	#if CORTEX_NUM_VECTORS > 228
 446              	        .weak       Vector3D0,  Vector3D4,  Vector3D8,  Vector3DC
 447              	#endif
 448              	#if CORTEX_NUM_VECTORS > 232
 449              	        .weak       Vector3E0,  Vector3E4,  Vector3E8,  Vector3EC
 450              	#endif
 451              	#if CORTEX_NUM_VECTORS > 236
 452              	        .weak       Vector3F0,  Vector3F4,  Vector3F8,  Vector3FC
 453              	#endif
 454              	
 455              	NMI_Handler:
 456              	HardFault_Handler:
 457              	MemManage_Handler:
 458              	BusFault_Handler:
 459              	UsageFault_Handler:
 460              	Vector1C:
 461              	Vector20:
 462              	Vector24:
 463              	Vector28:
 464              	SVC_Handler:
 465              	DebugMon_Handler:
 466              	Vector34:
 467              	PendSV_Handler:
 468              	SysTick_Handler:
 469              	Vector40:
 470              	Vector44:
 471              	Vector48:
 472              	Vector4C:
 473              	Vector50:
 474              	Vector54:
 475              	Vector58:
 476              	Vector5C:
 477              	#if CORTEX_NUM_VECTORS > 8
 478              	Vector60:
 479              	Vector64:
 480              	Vector68:
 481              	Vector6C:
 482              	Vector70:
 483              	Vector74:
 484              	Vector78:
 485              	Vector7C:
 486              	#endif
ARM GAS  /var/folders/cv/nmhcdbks2qd7r00g716_gs8r0000gn/T//ccV10C8o.s 			page 12


 487              	#if CORTEX_NUM_VECTORS > 16
 488              	Vector80:
 489              	Vector84:
 490              	Vector88:
 491              	Vector8C:
 492              	Vector90:
 493              	Vector94:
 494              	Vector98:
 495              	Vector9C:
 496              	#endif
 497              	#if CORTEX_NUM_VECTORS > 24
 498              	VectorA0:
 499              	VectorA4:
 500              	VectorA8:
 501              	VectorAC:
 502              	VectorB0:
 503              	VectorB4:
 504              	VectorB8:
 505              	VectorBC:
 506              	#endif
 507              	#if CORTEX_NUM_VECTORS > 32
 508              	VectorC0:
 509              	VectorC4:
 510              	VectorC8:
 511              	VectorCC:
 512              	VectorD0:
 513              	VectorD4:
 514              	VectorD8:
 515              	VectorDC:
 516              	#endif
 517              	#if CORTEX_NUM_VECTORS > 40
 518              	VectorE0:
 519              	VectorE4:
 520              	VectorE8:
 521              	VectorEC:
 522              	VectorF0:
 523              	VectorF4:
 524              	VectorF8:
 525              	VectorFC:
 526              	#endif
 527              	#if CORTEX_NUM_VECTORS > 48
 528              	Vector100:
 529              	Vector104:
 530              	Vector108:
 531              	Vector10C:
 532              	Vector110:
 533              	Vector114:
 534              	Vector118:
 535              	Vector11C:
 536              	#endif
 537              	#if CORTEX_NUM_VECTORS > 56
 538              	Vector120:
 539              	Vector124:
 540              	Vector128:
 541              	Vector12C:
 542              	Vector130:
 543              	Vector134:
ARM GAS  /var/folders/cv/nmhcdbks2qd7r00g716_gs8r0000gn/T//ccV10C8o.s 			page 13


 544              	Vector138:
 545              	Vector13C:
 546              	#endif
 547              	#if CORTEX_NUM_VECTORS > 64
 548              	Vector140:
 549              	Vector144:
 550              	Vector148:
 551              	Vector14C:
 552              	Vector150:
 553              	Vector154:
 554              	Vector158:
 555              	Vector15C:
 556              	#endif
 557              	#if CORTEX_NUM_VECTORS > 72
 558              	Vector160:
 559              	Vector164:
 560              	Vector168:
 561              	Vector16C:
 562              	Vector170:
 563              	Vector174:
 564              	Vector178:
 565              	Vector17C:
 566              	#endif
 567              	#if CORTEX_NUM_VECTORS > 80
 568              	Vector180:
 569              	Vector184:
 570              	Vector188:
 571              	Vector18C:
 572              	Vector190:
 573              	Vector194:
 574              	Vector198:
 575              	Vector19C:
 576              	#endif
 577              	#if CORTEX_NUM_VECTORS > 88
 578              	Vector1A0:
 579              	Vector1A4:
 580              	Vector1A8:
 581              	Vector1AC:
 582              	Vector1B0:
 583              	Vector1B4:
 584              	Vector1B8:
 585              	Vector1BC:
 586              	#endif
 587              	#if CORTEX_NUM_VECTORS > 96
 588              	Vector1C0:
 589              	Vector1C4:
 590              	Vector1C8:
 591              	Vector1CC:
 592              	Vector1D0:
 593              	Vector1D4:
 594              	Vector1D8:
 595              	Vector1DC:
 596              	#endif
 597              	#if CORTEX_NUM_VECTORS > 104
 598              	Vector1E0:
 599              	Vector1E4:
 600              	Vector1E8:
ARM GAS  /var/folders/cv/nmhcdbks2qd7r00g716_gs8r0000gn/T//ccV10C8o.s 			page 14


 601              	Vector1EC:
 602              	Vector1F0:
 603              	Vector1F4:
 604              	Vector1F8:
 605              	Vector1FC:
 606              	#endif
 607              	#if CORTEX_NUM_VECTORS > 112
 608              	Vector200:
 609              	Vector204:
 610              	Vector208:
 611              	Vector20C:
 612              	Vector210:
 613              	Vector214:
 614              	Vector218:
 615              	Vector21C:
 616              	#endif
 617              	#if CORTEX_NUM_VECTORS > 120
 618              	Vector220:
 619              	Vector224:
 620              	Vector228:
 621              	Vector22C:
 622              	Vector230:
 623              	Vector234:
 624              	Vector238:
 625              	Vector23C:
 626              	#endif
 627              	#if CORTEX_NUM_VECTORS > 128
 628              	Vector240:
 629              	Vector244:
 630              	Vector248:
 631              	Vector24C:
 632              	Vector250:
 633              	Vector254:
 634              	Vector258:
 635              	Vector25C:
 636              	#endif
 637              	#if CORTEX_NUM_VECTORS > 136
 638              	Vector260:
 639              	Vector264:
 640              	Vector268:
 641              	Vector26C:
 642              	Vector270:
 643              	Vector274:
 644              	Vector278:
 645              	Vector27C:
 646              	#endif
 647              	#if CORTEX_NUM_VECTORS > 144
 648              	Vector280:
 649              	Vector284:
 650              	Vector288:
 651              	Vector28C:
 652              	Vector290:
 653              	Vector294:
 654              	Vector298:
 655              	Vector29C:
 656              	#endif
 657              	#if CORTEX_NUM_VECTORS > 152
ARM GAS  /var/folders/cv/nmhcdbks2qd7r00g716_gs8r0000gn/T//ccV10C8o.s 			page 15


 658              	Vector2A0:
 659              	Vector2A4:
 660              	Vector2A8:
 661              	Vector2AC:
 662              	Vector2B0:
 663              	Vector2B4:
 664              	Vector2B8:
 665              	Vector2BC:
 666              	#endif
 667              	#if CORTEX_NUM_VECTORS > 160
 668              	Vector2C0:
 669              	Vector2C4:
 670              	Vector2C8:
 671              	Vector2CC:
 672              	Vector2D0:
 673              	Vector2D4:
 674              	Vector2D8:
 675              	Vector2DC:
 676              	#endif
 677              	#if CORTEX_NUM_VECTORS > 168
 678              	Vector2E0:
 679              	Vector2E4:
 680              	Vector2E8:
 681              	Vector2EC:
 682              	Vector2F0:
 683              	Vector2F4:
 684              	Vector2F8:
 685              	Vector2FC:
 686              	#endif
 687              	#if CORTEX_NUM_VECTORS > 176
 688              	Vector300:
 689              	Vector304:
 690              	Vector308:
 691              	Vector30C:
 692              	Vector310:
 693              	Vector314:
 694              	Vector318:
 695              	Vector31C:
 696              	#endif
 697              	#if CORTEX_NUM_VECTORS > 184
 698              	Vector320:
 699              	Vector324:
 700              	Vector328:
 701              	Vector32C:
 702              	Vector330:
 703              	Vector334:
 704              	Vector338:
 705              	Vector33C:
 706              	#endif
 707              	#if CORTEX_NUM_VECTORS > 192
 708              	Vector340:
 709              	Vector344:
 710              	Vector348:
 711              	Vector34C:
 712              	Vector350:
 713              	Vector354:
 714              	Vector358:
ARM GAS  /var/folders/cv/nmhcdbks2qd7r00g716_gs8r0000gn/T//ccV10C8o.s 			page 16


 715              	Vector35C:
 716              	#endif
 717              	#if CORTEX_NUM_VECTORS > 200
 718              	Vector360:
 719              	Vector364:
 720              	Vector368:
 721              	Vector36C:
 722              	Vector370:
 723              	Vector374:
 724              	Vector378:
 725              	Vector37C:
 726              	#endif
 727              	#if CORTEX_NUM_VECTORS > 208
 728              	Vector380:
 729              	Vector384:
 730              	Vector388:
 731              	Vector38C:
 732              	Vector390:
 733              	Vector394:
 734              	Vector398:
 735              	Vector39C:
 736              	#endif
 737              	#if CORTEX_NUM_VECTORS > 216
 738              	Vector3A0:
 739              	Vector3A4:
 740              	Vector3A8:
 741              	Vector3AC:
 742              	Vector3B0:
 743              	Vector3B4:
 744              	Vector3B8:
 745              	Vector3BC:
 746              	#endif
 747              	#if CORTEX_NUM_VECTORS > 224
 748              	Vector3C0:
 749              	Vector3C4:
 750              	Vector3C8:
 751              	Vector3CC:
 752              	Vector3D0:
 753              	Vector3D4:
 754              	Vector3D8:
 755              	Vector3DC:
 756              	#endif
 757              	#if CORTEX_NUM_VECTORS > 232
 758              	Vector3E0:
 759              	Vector3E4:
 760              	Vector3E8:
 761              	Vector3EC:
 762              	Vector3F0:
 763              	Vector3F4:
 764              	Vector3F8:
 765              	Vector3FC:
 766              	#endif
 767 0002 FFF7FEFF 	        bl          _unhandled_exception
 768              	
 769              	        .thumb_func
 770              	        .weak       _unhandled_exception
 771              	_unhandled_exception:
ARM GAS  /var/folders/cv/nmhcdbks2qd7r00g716_gs8r0000gn/T//ccV10C8o.s 			page 17


 772              	.stay:
 773 0006 FEE7     	        b           .stay
ARM GAS  /var/folders/cv/nmhcdbks2qd7r00g716_gs8r0000gn/T//ccV10C8o.s 			page 18


DEFINED SYMBOLS
../os/common/startup/ARMCMx/compilers/GCC/vectors.S:57     .vectors:0000000000000000 _vectors
../os/common/startup/ARMCMx/compilers/GCC/vectors.S:58     .vectors:0000000000000000 $d
../os/common/startup/ARMCMx/compilers/GCC/vectors.S:258    .text:0000000000000000 Reset_Handler
../os/common/startup/ARMCMx/compilers/GCC/vectors.S:455    .text:0000000000000002 NMI_Handler
../os/common/startup/ARMCMx/compilers/GCC/vectors.S:456    .text:0000000000000002 HardFault_Handler
../os/common/startup/ARMCMx/compilers/GCC/vectors.S:457    .text:0000000000000002 MemManage_Handler
../os/common/startup/ARMCMx/compilers/GCC/vectors.S:458    .text:0000000000000002 BusFault_Handler
../os/common/startup/ARMCMx/compilers/GCC/vectors.S:459    .text:0000000000000002 UsageFault_Handler
../os/common/startup/ARMCMx/compilers/GCC/vectors.S:460    .text:0000000000000002 Vector1C
../os/common/startup/ARMCMx/compilers/GCC/vectors.S:461    .text:0000000000000002 Vector20
../os/common/startup/ARMCMx/compilers/GCC/vectors.S:462    .text:0000000000000002 Vector24
../os/common/startup/ARMCMx/compilers/GCC/vectors.S:463    .text:0000000000000002 Vector28
../os/common/startup/ARMCMx/compilers/GCC/vectors.S:464    .text:0000000000000002 SVC_Handler
../os/common/startup/ARMCMx/compilers/GCC/vectors.S:465    .text:0000000000000002 DebugMon_Handler
../os/common/startup/ARMCMx/compilers/GCC/vectors.S:466    .text:0000000000000002 Vector34
../os/common/startup/ARMCMx/compilers/GCC/vectors.S:467    .text:0000000000000002 PendSV_Handler
../os/common/startup/ARMCMx/compilers/GCC/vectors.S:468    .text:0000000000000002 SysTick_Handler
../os/common/startup/ARMCMx/compilers/GCC/vectors.S:469    .text:0000000000000002 Vector40
../os/common/startup/ARMCMx/compilers/GCC/vectors.S:470    .text:0000000000000002 Vector44
../os/common/startup/ARMCMx/compilers/GCC/vectors.S:471    .text:0000000000000002 Vector48
../os/common/startup/ARMCMx/compilers/GCC/vectors.S:472    .text:0000000000000002 Vector4C
../os/common/startup/ARMCMx/compilers/GCC/vectors.S:473    .text:0000000000000002 Vector50
../os/common/startup/ARMCMx/compilers/GCC/vectors.S:474    .text:0000000000000002 Vector54
../os/common/startup/ARMCMx/compilers/GCC/vectors.S:475    .text:0000000000000002 Vector58
../os/common/startup/ARMCMx/compilers/GCC/vectors.S:476    .text:0000000000000002 Vector5C
../os/common/startup/ARMCMx/compilers/GCC/vectors.S:478    .text:0000000000000002 Vector60
../os/common/startup/ARMCMx/compilers/GCC/vectors.S:479    .text:0000000000000002 Vector64
../os/common/startup/ARMCMx/compilers/GCC/vectors.S:480    .text:0000000000000002 Vector68
../os/common/startup/ARMCMx/compilers/GCC/vectors.S:481    .text:0000000000000002 Vector6C
../os/common/startup/ARMCMx/compilers/GCC/vectors.S:482    .text:0000000000000002 Vector70
../os/common/startup/ARMCMx/compilers/GCC/vectors.S:483    .text:0000000000000002 Vector74
../os/common/startup/ARMCMx/compilers/GCC/vectors.S:484    .text:0000000000000002 Vector78
../os/common/startup/ARMCMx/compilers/GCC/vectors.S:485    .text:0000000000000002 Vector7C
../os/common/startup/ARMCMx/compilers/GCC/vectors.S:488    .text:0000000000000002 Vector80
../os/common/startup/ARMCMx/compilers/GCC/vectors.S:489    .text:0000000000000002 Vector84
../os/common/startup/ARMCMx/compilers/GCC/vectors.S:490    .text:0000000000000002 Vector88
../os/common/startup/ARMCMx/compilers/GCC/vectors.S:491    .text:0000000000000002 Vector8C
../os/common/startup/ARMCMx/compilers/GCC/vectors.S:492    .text:0000000000000002 Vector90
../os/common/startup/ARMCMx/compilers/GCC/vectors.S:493    .text:0000000000000002 Vector94
../os/common/startup/ARMCMx/compilers/GCC/vectors.S:494    .text:0000000000000002 Vector98
../os/common/startup/ARMCMx/compilers/GCC/vectors.S:495    .text:0000000000000002 Vector9C
../os/common/startup/ARMCMx/compilers/GCC/vectors.S:498    .text:0000000000000002 VectorA0
../os/common/startup/ARMCMx/compilers/GCC/vectors.S:499    .text:0000000000000002 VectorA4
../os/common/startup/ARMCMx/compilers/GCC/vectors.S:500    .text:0000000000000002 VectorA8
../os/common/startup/ARMCMx/compilers/GCC/vectors.S:501    .text:0000000000000002 VectorAC
../os/common/startup/ARMCMx/compilers/GCC/vectors.S:502    .text:0000000000000002 VectorB0
../os/common/startup/ARMCMx/compilers/GCC/vectors.S:503    .text:0000000000000002 VectorB4
../os/common/startup/ARMCMx/compilers/GCC/vectors.S:504    .text:0000000000000002 VectorB8
../os/common/startup/ARMCMx/compilers/GCC/vectors.S:505    .text:0000000000000002 VectorBC
../os/common/startup/ARMCMx/compilers/GCC/vectors.S:508    .text:0000000000000002 VectorC0
../os/common/startup/ARMCMx/compilers/GCC/vectors.S:509    .text:0000000000000002 VectorC4
../os/common/startup/ARMCMx/compilers/GCC/vectors.S:510    .text:0000000000000002 VectorC8
../os/common/startup/ARMCMx/compilers/GCC/vectors.S:511    .text:0000000000000002 VectorCC
../os/common/startup/ARMCMx/compilers/GCC/vectors.S:512    .text:0000000000000002 VectorD0
../os/common/startup/ARMCMx/compilers/GCC/vectors.S:513    .text:0000000000000002 VectorD4
../os/common/startup/ARMCMx/compilers/GCC/vectors.S:514    .text:0000000000000002 VectorD8
ARM GAS  /var/folders/cv/nmhcdbks2qd7r00g716_gs8r0000gn/T//ccV10C8o.s 			page 19


../os/common/startup/ARMCMx/compilers/GCC/vectors.S:515    .text:0000000000000002 VectorDC
../os/common/startup/ARMCMx/compilers/GCC/vectors.S:518    .text:0000000000000002 VectorE0
../os/common/startup/ARMCMx/compilers/GCC/vectors.S:519    .text:0000000000000002 VectorE4
../os/common/startup/ARMCMx/compilers/GCC/vectors.S:520    .text:0000000000000002 VectorE8
../os/common/startup/ARMCMx/compilers/GCC/vectors.S:521    .text:0000000000000002 VectorEC
../os/common/startup/ARMCMx/compilers/GCC/vectors.S:522    .text:0000000000000002 VectorF0
../os/common/startup/ARMCMx/compilers/GCC/vectors.S:523    .text:0000000000000002 VectorF4
../os/common/startup/ARMCMx/compilers/GCC/vectors.S:524    .text:0000000000000002 VectorF8
../os/common/startup/ARMCMx/compilers/GCC/vectors.S:525    .text:0000000000000002 VectorFC
../os/common/startup/ARMCMx/compilers/GCC/vectors.S:528    .text:0000000000000002 Vector100
../os/common/startup/ARMCMx/compilers/GCC/vectors.S:529    .text:0000000000000002 Vector104
../os/common/startup/ARMCMx/compilers/GCC/vectors.S:530    .text:0000000000000002 Vector108
../os/common/startup/ARMCMx/compilers/GCC/vectors.S:531    .text:0000000000000002 Vector10C
../os/common/startup/ARMCMx/compilers/GCC/vectors.S:532    .text:0000000000000002 Vector110
../os/common/startup/ARMCMx/compilers/GCC/vectors.S:533    .text:0000000000000002 Vector114
../os/common/startup/ARMCMx/compilers/GCC/vectors.S:534    .text:0000000000000002 Vector118
../os/common/startup/ARMCMx/compilers/GCC/vectors.S:535    .text:0000000000000002 Vector11C
../os/common/startup/ARMCMx/compilers/GCC/vectors.S:538    .text:0000000000000002 Vector120
../os/common/startup/ARMCMx/compilers/GCC/vectors.S:539    .text:0000000000000002 Vector124
../os/common/startup/ARMCMx/compilers/GCC/vectors.S:540    .text:0000000000000002 Vector128
../os/common/startup/ARMCMx/compilers/GCC/vectors.S:541    .text:0000000000000002 Vector12C
../os/common/startup/ARMCMx/compilers/GCC/vectors.S:542    .text:0000000000000002 Vector130
../os/common/startup/ARMCMx/compilers/GCC/vectors.S:543    .text:0000000000000002 Vector134
../os/common/startup/ARMCMx/compilers/GCC/vectors.S:544    .text:0000000000000002 Vector138
../os/common/startup/ARMCMx/compilers/GCC/vectors.S:545    .text:0000000000000002 Vector13C
../os/common/startup/ARMCMx/compilers/GCC/vectors.S:548    .text:0000000000000002 Vector140
../os/common/startup/ARMCMx/compilers/GCC/vectors.S:549    .text:0000000000000002 Vector144
../os/common/startup/ARMCMx/compilers/GCC/vectors.S:550    .text:0000000000000002 Vector148
../os/common/startup/ARMCMx/compilers/GCC/vectors.S:551    .text:0000000000000002 Vector14C
../os/common/startup/ARMCMx/compilers/GCC/vectors.S:552    .text:0000000000000002 Vector150
../os/common/startup/ARMCMx/compilers/GCC/vectors.S:553    .text:0000000000000002 Vector154
../os/common/startup/ARMCMx/compilers/GCC/vectors.S:554    .text:0000000000000002 Vector158
../os/common/startup/ARMCMx/compilers/GCC/vectors.S:555    .text:0000000000000002 Vector15C
../os/common/startup/ARMCMx/compilers/GCC/vectors.S:558    .text:0000000000000002 Vector160
../os/common/startup/ARMCMx/compilers/GCC/vectors.S:559    .text:0000000000000002 Vector164
../os/common/startup/ARMCMx/compilers/GCC/vectors.S:560    .text:0000000000000002 Vector168
../os/common/startup/ARMCMx/compilers/GCC/vectors.S:561    .text:0000000000000002 Vector16C
../os/common/startup/ARMCMx/compilers/GCC/vectors.S:562    .text:0000000000000002 Vector170
../os/common/startup/ARMCMx/compilers/GCC/vectors.S:563    .text:0000000000000002 Vector174
../os/common/startup/ARMCMx/compilers/GCC/vectors.S:564    .text:0000000000000002 Vector178
../os/common/startup/ARMCMx/compilers/GCC/vectors.S:565    .text:0000000000000002 Vector17C
../os/common/startup/ARMCMx/compilers/GCC/vectors.S:568    .text:0000000000000002 Vector180
../os/common/startup/ARMCMx/compilers/GCC/vectors.S:569    .text:0000000000000002 Vector184
../os/common/startup/ARMCMx/compilers/GCC/vectors.S:570    .text:0000000000000002 Vector188
../os/common/startup/ARMCMx/compilers/GCC/vectors.S:571    .text:0000000000000002 Vector18C
../os/common/startup/ARMCMx/compilers/GCC/vectors.S:572    .text:0000000000000002 Vector190
../os/common/startup/ARMCMx/compilers/GCC/vectors.S:573    .text:0000000000000002 Vector194
../os/common/startup/ARMCMx/compilers/GCC/vectors.S:574    .text:0000000000000002 Vector198
../os/common/startup/ARMCMx/compilers/GCC/vectors.S:575    .text:0000000000000002 Vector19C
../os/common/startup/ARMCMx/compilers/GCC/vectors.S:578    .text:0000000000000002 Vector1A0
../os/common/startup/ARMCMx/compilers/GCC/vectors.S:579    .text:0000000000000002 Vector1A4
../os/common/startup/ARMCMx/compilers/GCC/vectors.S:580    .text:0000000000000002 Vector1A8
../os/common/startup/ARMCMx/compilers/GCC/vectors.S:581    .text:0000000000000002 Vector1AC
../os/common/startup/ARMCMx/compilers/GCC/vectors.S:582    .text:0000000000000002 Vector1B0
../os/common/startup/ARMCMx/compilers/GCC/vectors.S:583    .text:0000000000000002 Vector1B4
../os/common/startup/ARMCMx/compilers/GCC/vectors.S:584    .text:0000000000000002 Vector1B8
../os/common/startup/ARMCMx/compilers/GCC/vectors.S:585    .text:0000000000000002 Vector1BC
ARM GAS  /var/folders/cv/nmhcdbks2qd7r00g716_gs8r0000gn/T//ccV10C8o.s 			page 20


../os/common/startup/ARMCMx/compilers/GCC/vectors.S:588    .text:0000000000000002 Vector1C0
../os/common/startup/ARMCMx/compilers/GCC/vectors.S:589    .text:0000000000000002 Vector1C4
../os/common/startup/ARMCMx/compilers/GCC/vectors.S:590    .text:0000000000000002 Vector1C8
../os/common/startup/ARMCMx/compilers/GCC/vectors.S:591    .text:0000000000000002 Vector1CC
../os/common/startup/ARMCMx/compilers/GCC/vectors.S:592    .text:0000000000000002 Vector1D0
../os/common/startup/ARMCMx/compilers/GCC/vectors.S:593    .text:0000000000000002 Vector1D4
../os/common/startup/ARMCMx/compilers/GCC/vectors.S:594    .text:0000000000000002 Vector1D8
../os/common/startup/ARMCMx/compilers/GCC/vectors.S:595    .text:0000000000000002 Vector1DC
../os/common/startup/ARMCMx/compilers/GCC/vectors.S:255    .text:0000000000000000 $t
../os/common/startup/ARMCMx/compilers/GCC/vectors.S:771    .text:0000000000000006 _unhandled_exception
../os/common/startup/ARMCMx/compilers/GCC/vectors.S:772    .text:0000000000000006 .stay

UNDEFINED SYMBOLS
__main_stack_end__
_crt0_entry
